Component: ARM Compiler 5.06 update 7 (build 960) Tool: armlink [4d3601]

==============================================================================

Section Cross References

    startup_stm32f103xb.o(RESET) refers to startup_stm32f103xb.o(STACK) for __initial_sp
    startup_stm32f103xb.o(RESET) refers to startup_stm32f103xb.o(.text) for Reset_Handler
    startup_stm32f103xb.o(RESET) refers to stm32f1xx_it.o(i.NMI_Handler) for NMI_Handler
    startup_stm32f103xb.o(RESET) refers to stm32f1xx_it.o(i.HardFault_Handler) for HardFault_Handler
    startup_stm32f103xb.o(RESET) refers to stm32f1xx_it.o(i.MemManage_Handler) for MemManage_Handler
    startup_stm32f103xb.o(RESET) refers to stm32f1xx_it.o(i.BusFault_Handler) for BusFault_Handler
    startup_stm32f103xb.o(RESET) refers to stm32f1xx_it.o(i.UsageFault_Handler) for UsageFault_Handler
    startup_stm32f103xb.o(RESET) refers to port.o(.emb_text) for SVC_Handler
    startup_stm32f103xb.o(RESET) refers to stm32f1xx_it.o(i.DebugMon_Handler) for DebugMon_Handler
    startup_stm32f103xb.o(RESET) refers to stm32f1xx_it.o(i.SysTick_Handler) for SysTick_Handler
    startup_stm32f103xb.o(RESET) refers to stm32f1xx_it.o(i.USB_LP_CAN1_RX0_IRQHandler) for USB_LP_CAN1_RX0_IRQHandler
    startup_stm32f103xb.o(RESET) refers to stm32f1xx_it.o(i.EXTI15_10_IRQHandler) for EXTI15_10_IRQHandler
    startup_stm32f103xb.o(.text) refers to system_stm32f1xx.o(i.SystemInit) for SystemInit
    startup_stm32f103xb.o(.text) refers to entry.o(.ARM.Collect$$$$00000000) for __main
    main.o(i.SystemClock_Config) refers to memseta.o(.text) for __aeabi_memclr4
    main.o(i.SystemClock_Config) refers to stm32f1xx_hal_rcc.o(i.HAL_RCC_OscConfig) for HAL_RCC_OscConfig
    main.o(i.SystemClock_Config) refers to stm32f1xx_hal_rcc.o(i.HAL_RCC_ClockConfig) for HAL_RCC_ClockConfig
    main.o(i.SystemClock_Config) refers to stm32f1xx_hal_rcc_ex.o(i.HAL_RCCEx_PeriphCLKConfig) for HAL_RCCEx_PeriphCLKConfig
    main.o(i.SystemClock_Config) refers to stm32f1xx_hal_rcc.o(i.HAL_RCC_EnableCSS) for HAL_RCC_EnableCSS
    main.o(i.main) refers to stm32f1xx_hal.o(i.HAL_Init) for HAL_Init
    main.o(i.main) refers to main.o(i.SystemClock_Config) for SystemClock_Config
    main.o(i.main) refers to gpio.o(i.MX_GPIO_Init) for MX_GPIO_Init
    main.o(i.main) refers to tim.o(i.MX_TIM2_Init) for MX_TIM2_Init
    main.o(i.main) refers to tim.o(i.MX_TIM3_Init) for MX_TIM3_Init
    main.o(i.main) refers to tim.o(i.MX_TIM4_Init) for MX_TIM4_Init
    main.o(i.main) refers to tim.o(i.MX_TIM1_Init) for MX_TIM1_Init
    main.o(i.main) refers to usart.o(i.MX_USART1_UART_Init) for MX_USART1_UART_Init
    main.o(i.main) refers to stm32f1xx_hal_tim.o(i.HAL_TIM_PWM_Start) for HAL_TIM_PWM_Start
    main.o(i.main) refers to cmsis_os2.o(i.osKernelInitialize) for osKernelInitialize
    main.o(i.main) refers to freertos.o(i.MX_FREERTOS_Init) for MX_FREERTOS_Init
    main.o(i.main) refers to cmsis_os2.o(i.osKernelStart) for osKernelStart
    main.o(i.main) refers to tim.o(.bss) for htim1
    gpio.o(i.MX_GPIO_Init) refers to stm32f1xx_hal_gpio.o(i.HAL_GPIO_WritePin) for HAL_GPIO_WritePin
    gpio.o(i.MX_GPIO_Init) refers to stm32f1xx_hal_gpio.o(i.HAL_GPIO_Init) for HAL_GPIO_Init
    gpio.o(i.MX_GPIO_Init) refers to stm32f1xx_hal_cortex.o(i.HAL_NVIC_SetPriority) for HAL_NVIC_SetPriority
    gpio.o(i.MX_GPIO_Init) refers to stm32f1xx_hal_cortex.o(i.HAL_NVIC_EnableIRQ) for HAL_NVIC_EnableIRQ
    freertos.o(i.Key_Task) refers to cmsis_os2.o(i.osMessageQueueGet) for osMessageQueueGet
    freertos.o(i.Key_Task) refers to cmsis_os2.o(i.osDelay) for osDelay
    freertos.o(i.Key_Task) refers to stm32f1xx_hal_gpio.o(i.HAL_GPIO_ReadPin) for HAL_GPIO_ReadPin
    freertos.o(i.Key_Task) refers to stm32f1xx_hal_cortex.o(i.HAL_NVIC_EnableIRQ) for HAL_NVIC_EnableIRQ
    freertos.o(i.Key_Task) refers to printf1.o(i.__0printf$1) for __2printf
    freertos.o(i.Key_Task) refers to freertos.o(.data) for .data
    freertos.o(i.LED_Task) refers to usb_device.o(i.MX_USB_DEVICE_Init) for MX_USB_DEVICE_Init
    freertos.o(i.LED_Task) refers to led.o(i.led_Toggle) for led_Toggle
    freertos.o(i.LED_Task) refers to cmsis_os2.o(i.osDelay) for osDelay
    freertos.o(i.MX_FREERTOS_Init) refers to cmsis_os2.o(i.osSemaphoreNew) for osSemaphoreNew
    freertos.o(i.MX_FREERTOS_Init) refers to cmsis_os2.o(i.osMessageQueueNew) for osMessageQueueNew
    freertos.o(i.MX_FREERTOS_Init) refers to cmsis_os2.o(i.osThreadNew) for osThreadNew
    freertos.o(i.MX_FREERTOS_Init) refers to freertos.o(.constdata) for .constdata
    freertos.o(i.MX_FREERTOS_Init) refers to freertos.o(.data) for .data
    freertos.o(i.MX_FREERTOS_Init) refers to freertos.o(i.LED_Task) for LED_Task
    freertos.o(i.MX_FREERTOS_Init) refers to freertos.o(i.Key_Task) for Key_Task
    freertos.o(i.MX_FREERTOS_Init) refers to freertos.o(i.Waterlamp_Task) for Waterlamp_Task
    freertos.o(i.Waterlamp_Task) refers to led.o(i.water_lamp_down) for water_lamp_down
[...]
    i.prvInitialiseNewTask                   0x08004932   Section        0  tasks.o(i.prvInitialiseNewTask)
    prvInitialiseNewTask                     0x08004933   Thumb Code   138  tasks.o(i.prvInitialiseNewTask)
    i.prvInsertBlockIntoFreeList             0x080049bc   Section        0  heap_4.o(i.prvInsertBlockIntoFreeList)
    prvInsertBlockIntoFreeList               0x080049bd   Thumb Code    72  heap_4.o(i.prvInsertBlockIntoFreeList)
    i.prvInsertTimerInActiveList             0x08004a08   Section        0  timers.o(i.prvInsertTimerInActiveList)
    prvInsertTimerInActiveList               0x08004a09   Thumb Code    52  timers.o(i.prvInsertTimerInActiveList)
    i.prvIsQueueEmpty                        0x08004a40   Section        0  queue.o(i.prvIsQueueEmpty)
    prvIsQueueEmpty                          0x08004a41   Thumb Code    28  queue.o(i.prvIsQueueEmpty)
    i.prvProcessReceivedCommands             0x08004a5c   Section        0  timers.o(i.prvProcessReceivedCommands)
    prvProcessReceivedCommands               0x08004a5d   Thumb Code   164  timers.o(i.prvProcessReceivedCommands)
    i.prvProcessTimerOrBlockTask             0x08004b04   Section        0  timers.o(i.prvProcessTimerOrBlockTask)
    prvProcessTimerOrBlockTask               0x08004b05   Thumb Code   154  timers.o(i.prvProcessTimerOrBlockTask)
    i.prvResetNextTaskUnblockTime            0x08004ba8   Section        0  tasks.o(i.prvResetNextTaskUnblockTime)
    prvResetNextTaskUnblockTime              0x08004ba9   Thumb Code    26  tasks.o(i.prvResetNextTaskUnblockTime)
    i.prvSampleTimeNow                       0x08004bc8   Section        0  timers.o(i.prvSampleTimeNow)
    prvSampleTimeNow                         0x08004bc9   Thumb Code    36  timers.o(i.prvSampleTimeNow)
    i.prvSwitchTimerLists                    0x08004bf0   Section        0  timers.o(i.prvSwitchTimerLists)
    prvSwitchTimerLists                      0x08004bf1   Thumb Code    84  timers.o(i.prvSwitchTimerLists)
    i.prvTaskExitError                       0x08004c48   Section        0  port.o(i.prvTaskExitError)
    prvTaskExitError                         0x08004c49   Thumb Code    16  port.o(i.prvTaskExitError)
    i.prvTimerTask                           0x08004c58   Section        0  timers.o(i.prvTimerTask)
    prvTimerTask                             0x08004c59   Thumb Code    32  timers.o(i.prvTimerTask)
    i.prvUnlockQueue                         0x08004c7c   Section        0  queue.o(i.prvUnlockQueue)
    prvUnlockQueue                           0x08004c7d   Thumb Code   106  queue.o(i.prvUnlockQueue)
    i.pvPortMalloc                           0x08004ce8   Section        0  heap_4.o(i.pvPortMalloc)
    i.pxPortInitialiseStack                  0x08004d80   Section        0  port.o(i.pxPortInitialiseStack)
    i.set_pwm                                0x08004da4   Section        0  led.o(i.set_pwm)
    set_pwm                                  0x08004da5   Thumb Code    16  led.o(i.set_pwm)
    i.uxListRemove                           0x08004db4   Section        0  list.o(i.uxListRemove)
    i.vApplicationGetIdleTaskMemory          0x08004ddc   Section        0  cmsis_os2.o(i.vApplicationGetIdleTaskMemory)
    i.vApplicationGetTimerTaskMemory         0x08004df0   Section        0  cmsis_os2.o(i.vApplicationGetTimerTaskMemory)
    i.vListInitialise                        0x08004e08   Section        0  list.o(i.vListInitialise)
    i.vListInitialiseItem                    0x08004e1e   Section        0  list.o(i.vListInitialiseItem)
    i.vListInsert                            0x08004e24   Section        0  list.o(i.vListInsert)
    i.vListInsertEnd                         0x08004e54   Section        0  list.o(i.vListInsertEnd)
    i.vPortEnterCritical                     0x08004e6c   Section        0  port.o(i.vPortEnterCritical)
    i.vPortExitCritical                      0x08004e88   Section        0  port.o(i.vPortExitCritical)
    i.vPortFree                              0x08004e9c   Section        0  heap_4.o(i.vPortFree)
    i.vPortSetupTimerInterrupt               0x08004edc   Section        0  port.o(i.vPortSetupTimerInterrupt)
    i.vQueueAddToRegistry                    0x08004f00   Section        0  queue.o(i.vQueueAddToRegistry)
    i.vQueueDelete                           0x08004f28   Section        0  queue.o(i.vQueueDelete)
    i.vQueueUnregisterQueue                  0x08004f44   Section        0  queue.o(i.vQueueUnregisterQueue)
    i.vQueueWaitForMessageRestricted         0x08004f6c   Section        0  queue.o(i.vQueueWaitForMessageRestricted)
    i.vTaskDelay                             0x08004fb0   Section        0  tasks.o(i.vTaskDelay)
    i.vTaskInternalSetTimeOutState           0x08004fe0   Section        0  tasks.o(i.vTaskInternalSetTimeOutState)
    i.vTaskMissedYield                       0x08004ff0   Section        0  tasks.o(i.vTaskMissedYield)
    i.vTaskPlaceOnEventList                  0x08004ffc   Section        0  tasks.o(i.vTaskPlaceOnEventList)
    i.vTaskPlaceOnEventListRestricted        0x0800501c   Section        0  tasks.o(i.vTaskPlaceOnEventListRestricted)
    i.vTaskStartScheduler                    0x08005044   Section        0  tasks.o(i.vTaskStartScheduler)
    i.vTaskSuspendAll                        0x080050b8   Section        0  tasks.o(i.vTaskSuspendAll)
    i.vTaskSwitchContext                     0x080050c8   Section        0  tasks.o(i.vTaskSwitchContext)
    i.water_lamp_down                        0x08005118   Section        0  led.o(i.water_lamp_down)
    i.water_lamp_up                          0x0800519c   Section        0  led.o(i.water_lamp_up)
    i.xPortStartScheduler                    0x08005220   Section        0  port.o(i.xPortStartScheduler)
    i.xPortSysTickHandler                    0x08005250   Section        0  port.o(i.xPortSysTickHandler)
    i.xQueueCreateCountingSemaphore          0x0800527c   Section        0  queue.o(i.xQueueCreateCountingSemaphore)
    i.xQueueCreateCountingSemaphoreStatic    0x08005290   Section        0  queue.o(i.xQueueCreateCountingSemaphoreStatic)
    i.xQueueGenericCreate                    0x080052aa   Section        0  queue.o(i.xQueueGenericCreate)
    i.xQueueGenericCreateStatic              0x080052e0   Section        0  queue.o(i.xQueueGenericCreateStatic)
    i.xQueueGenericReset                     0x080052fc   Section        0  queue.o(i.xQueueGenericReset)
    i.xQueueGenericSend                      0x08005370   Section        0  queue.o(i.xQueueGenericSend)
    i.xQueueGenericSendFromISR               0x08005468   Section        0  queue.o(i.xQueueGenericSendFromISR)
    i.xQueueReceive                          0x080054d0   Section        0  queue.o(i.xQueueReceive)
    i.xQueueReceiveFromISR                   0x080055c0   Section        0  queue.o(i.xQueueReceiveFromISR)
    i.xTaskCheckForTimeOut                   0x08005624   Section        0  tasks.o(i.xTaskCheckForTimeOut)
    i.xTaskCreate                            0x08005674   Section        0  tasks.o(i.xTaskCreate)
    i.xTaskCreateStatic                      0x080056ce   Section        0  tasks.o(i.xTaskCreateStatic)
    i.xTaskGetSchedulerState                 0x08005704   Section        0  tasks.o(i.xTaskGetSchedulerState)
    i.xTaskGetTickCount                      0x08005720   Section        0  tasks.o(i.xTaskGetTickCount)
    i.xTaskIncrementTick                     0x0800572c   Section        0  tasks.o(i.xTaskIncrementTick)
    i.xTaskPriorityDisinherit                0x080057dc   Section        0  tasks.o(i.xTaskPriorityDisinherit)
    i.xTaskRemoveFromEventList               0x08005830   Section        0  tasks.o(i.xTaskRemoveFromEventList)
    i.xTaskResumeAll                         0x0800588c   Section        0  tasks.o(i.xTaskResumeAll)
    i.xTimerCreateTimerTask                  0x0800593c   Section        0  timers.o(i.xTimerCreateTimerTask)
    i.xTimerGenericCommand                   0x08005990   Section        0  timers.o(i.xTimerGenericCommand)
    .constdata                               0x080059e0   Section      148  freertos.o(.constdata)
    .constdata                               0x08005a74   Section       16  system_stm32f1xx.o(.constdata)
    .constdata                               0x08005a84   Section        8  system_stm32f1xx.o(.constdata)
    .conststring                             0x08005a8c   Section       57  freertos.o(.conststring)
    .data                                    0x20000000   Section       20  freertos.o(.data)
    .data                                    0x20000014   Section        4  led.o(.data)
    pwm                                      0x20000014   Data           2  led.o(.data)
    pwm                                      0x20000016   Data           2  led.o(.data)
    .data                                    0x20000018   Section       12  stm32f1xx_hal.o(.data)
    .data                                    0x20000024   Section        4  system_stm32f1xx.o(.data)
    .data                                    0x20000028   Section       60  tasks.o(.data)
    pxDelayedTaskList                        0x2000002c   Data           4  tasks.o(.data)
    pxOverflowDelayedTaskList                0x20000030   Data           4  tasks.o(.data)
    uxDeletedTasksWaitingCleanUp             0x20000034   Data           4  tasks.o(.data)
    uxCurrentNumberOfTasks                   0x20000038   Data           4  tasks.o(.data)
    xTickCount                               0x2000003c   Data           4  tasks.o(.data)
    uxTopReadyPriority                       0x20000040   Data           4  tasks.o(.data)
    xSchedulerRunning                        0x20000044   Data           4  tasks.o(.data)
    uxPendedTicks                            0x20000048   Data           4  tasks.o(.data)
    xYieldPending                            0x2000004c   Data           4  tasks.o(.data)
    xNumOfOverflows                          0x20000050   Data           4  tasks.o(.data)
    uxTaskNumber                             0x20000054   Data           4  tasks.o(.data)
    xNextTaskUnblockTime                     0x20000058   Data           4  tasks.o(.data)
    xIdleTaskHandle                          0x2000005c   Data           4  tasks.o(.data)
    uxSchedulerSuspended                     0x20000060   Data           4  tasks.o(.data)
    .data                                    0x20000064   Section       20  timers.o(.data)
    pxCurrentTimerList                       0x20000064   Data           4  timers.o(.data)
    pxOverflowTimerList                      0x20000068   Data           4  timers.o(.data)
    xTimerQueue                              0x2000006c   Data           4  timers.o(.data)
    xTimerTaskHandle                         0x20000070   Data           4  timers.o(.data)
    xLastTime                                0x20000074   Data           4  timers.o(.data)
    .data                                    0x20000078   Section        4  cmsis_os2.o(.data)
    KernelState                              0x20000078   Data           4  cmsis_os2.o(.data)
    .data                                    0x2000007c   Section       24  heap_4.o(.data)
    pxEnd                                    0x2000007c   Data           4  heap_4.o(.data)
    xFreeBytesRemaining                      0x20000080   Data           4  heap_4.o(.data)
    xMinimumEverFreeBytesRemaining           0x20000084   Data           4  heap_4.o(.data)
    xBlockAllocatedBit                       0x20000088   Data           4  heap_4.o(.data)
    xStart                                   0x2000008c   Data           8  heap_4.o(.data)
    .data                                    0x20000094   Section        4  port.o(.data)
    uxCriticalNesting                        0x20000094   Data           4  port.o(.data)
    .data                                    0x20000098   Section       28  usbd_desc.o(.data)
    .data                                    0x200000b4   Section       50  usbd_desc.o(.data)
    .data                                    0x200000e6   Section        1  usbd_ctlreq.o(.data)
    cfgidx                                   0x200000e6   Data           1  usbd_ctlreq.o(.data)
    .data                                    0x200000e8   Section       56  usbd_hid.o(.data)
    .data                                    0x20000120   Section      206  usbd_hid.o(.data)
    USBD_HID_CfgFSDesc                       0x20000120   Data          34  usbd_hid.o(.data)
    USBD_HID_CfgHSDesc                       0x20000144   Data          34  usbd_hid.o(.data)
    USBD_HID_OtherSpeedCfgDesc               0x20000168   Data          34  usbd_hid.o(.data)
    USBD_HID_Desc                            0x2000018c   Data           9  usbd_hid.o(.data)
    USBD_HID_DeviceQualifierDesc             0x20000198   Data          10  usbd_hid.o(.data)
    HID_MOUSE_ReportDesc                     0x200001a4   Data          74  usbd_hid.o(.data)
    .data                                    0x200001f0   Section        4  stdout.o(.data)
    .bss                                     0x200001f4   Section      288  tim.o(.bss)
    .bss                                     0x20000314   Section       68  usart.o(.bss)
    .bss                                     0x20000358   Section       64  queue.o(.bss)
    .bss                                     0x20000398   Section     1220  tasks.o(.bss)
    pxReadyTasksLists                        0x20000398   Data        1120  tasks.o(.bss)
    xDelayedTaskList1                        0x200007f8   Data          20  tasks.o(.bss)
    xDelayedTaskList2                        0x2000080c   Data          20  tasks.o(.bss)
    xPendingReadyList                        0x20000820   Data          20  tasks.o(.bss)
    xTasksWaitingTermination                 0x20000834   Data          20  tasks.o(.bss)
    xSuspendedTaskList                       0x20000848   Data          20  tasks.o(.bss)
    .bss                                     0x2000085c   Section      280  timers.o(.bss)
    xActiveTimerList1                        0x2000085c   Data          20  timers.o(.bss)
    xActiveTimerList2                        0x20000870   Data          20  timers.o(.bss)
    xStaticTimerQueue                        0x20000884   Data          80  timers.o(.bss)
    ucStaticTimerQueueStorage                0x200008d4   Data         160  timers.o(.bss)
    .bss                                     0x20000974   Section     1720  cmsis_os2.o(.bss)
    Idle_TCB                                 0x20000974   Data          92  cmsis_os2.o(.bss)
    Idle_Stack                               0x200009d0   Data         512  cmsis_os2.o(.bss)
    Timer_TCB                                0x20000bd0   Data          92  cmsis_os2.o(.bss)
    Timer_Stack                              0x20000c2c   Data        1024  cmsis_os2.o(.bss)
    .bss                                     0x2000102c   Section    10240  heap_4.o(.bss)
    ucHeap                                   0x2000102c   Data       10240  heap_4.o(.bss)
    .bss                                     0x2000382c   Section      708  usb_device.o(.bss)
    .bss                                     0x20003af0   Section      512  usbd_desc.o(.bss)
    .bss                                     0x20003cf0   Section      768  usbd_conf.o(.bss)
    mem                                      0x20003cf0   Data          20  usbd_conf.o(.bss)
    STACK                                    0x20003ff0   Section     1024  startup_stm32f103xb.o(STACK)

    Global Symbols

    Symbol Name                              Value     Ov Type        Size  Object(Section)

    BuildAttributes$$THM_ISAv4$P$D$K$B$S$PE$A:L22UL41UL21$X:L11$S22US41US21$IEEE1$IW$USESV6$~STKCKD$USESV7$~SHL$OTIME$ROPI$EBA8$MICROLIB$REQ8$PRES8$EABIv2 0x00000000   Number         0  anon$$obj.o ABSOLUTE
    __ARM_use_no_argv                        0x00000000   Number         0  main.o ABSOLUTE
    _printf_a                                0x00000000   Number         0  stubs.o ABSOLUTE
    _printf_c                                0x00000000   Number         0  stubs.o ABSOLUTE
    _printf_charcount                        0x00000000   Number         0  stubs.o ABSOLUTE
    _printf_d                                0x00000000   Number         0  stubs.o ABSOLUTE
    _printf_e                                0x00000000   Number         0  stubs.o ABSOLUTE
    _printf_f                                0x00000000   Number         0  stubs.o ABSOLUTE
    _printf_flags                            0x00000000   Number         0  stubs.o ABSOLUTE
    _printf_fp_dec                           0x00000000   Number         0  stubs.o ABSOLUTE
    _printf_fp_hex                           0x00000000   Number         0  stubs.o ABSOLUTE
    _printf_g                                0x00000000   Number         0  stubs.o ABSOLUTE
    _printf_i                                0x00000000   Number         0  stubs.o ABSOLUTE
    _printf_int_dec                          0x00000000   Number         0  stubs.o ABSOLUTE
    _printf_l                                0x00000000   Number         0  stubs.o ABSOLUTE
    _printf_lc                               0x00000000   Number         0  stubs.o ABSOLUTE
    _printf_ll                               0x00000000   Number         0  stubs.o ABSOLUTE
    _printf_lld                              0x00000000   Number         0  stubs.o ABSOLUTE
    _printf_lli                              0x00000000   Number         0  stubs.o ABSOLUTE
    _printf_llo                              0x00000000   Number         0  stubs.o ABSOLUTE
    _printf_llu                              0x00000000   Number         0  stubs.o ABSOLUTE
    _printf_llx                              0x00000000   Number         0  stubs.o ABSOLUTE
    _printf_longlong_dec                     0x00000000   Number         0  stubs.o ABSOLUTE
    _printf_longlong_hex                     0x00000000   Number         0  stubs.o ABSOLUTE
    _printf_longlong_oct                     0x00000000   Number         0  stubs.o ABSOLUTE
    _printf_ls                               0x00000000   Number         0  stubs.o ABSOLUTE
    _printf_mbtowc                           0x00000000   Number         0  stubs.o ABSOLUTE
    _printf_n                                0x00000000   Number         0  stubs.o ABSOLUTE
    _printf_o                                0x00000000   Number         0  stubs.o ABSOLUTE
    _printf_p                                0x00000000   Number         0  stubs.o ABSOLUTE
    _printf_percent                          0x00000000   Number         0  stubs.o ABSOLUTE
    _printf_pre_padding                      0x00000000   Number         0  stubs.o ABSOLUTE
    _printf_return_value                     0x00000000   Number         0  stubs.o ABSOLUTE
    _printf_s                                0x00000000   Number         0  stubs.o ABSOLUTE
    _printf_sizespec                         0x00000000   Number         0  stubs.o ABSOLUTE
    _printf_str                              0x00000000   Number         0  stubs.o ABSOLUTE
    _printf_truncate_signed                  0x00000000   Number         0  stubs.o ABSOLUTE
    _printf_truncate_unsigned                0x00000000   Number         0  stubs.o ABSOLUTE
    _printf_u                                0x00000000   Number         0  stubs.o ABSOLUTE
    _printf_wc                               0x00000000   Number         0  stubs.o ABSOLUTE
    _printf_wctomb                           0x00000000   Number         0  stubs.o ABSOLUTE
    _printf_widthprec                        0x00000000   Number         0  stubs.o ABSOLUTE
    _printf_x                                0x00000000   Number         0  stubs.o ABSOLUTE
    __arm_fini_                               - Undefined Weak Reference
    __cpp_initialize__aeabi_                  - Undefined Weak Reference
    __cxa_finalize                            - Undefined Weak Reference
    _clock_init                               - Undefined Weak Reference
    _microlib_exit                            - Undefined Weak Reference
    __Vectors_Size                           0x000000ec   Number         0  startup_stm32f103xb.o ABSOLUTE
    __Vectors                                0x08000000   Data           4  startup_stm32f103xb.o(RESET)
    __Vectors_End                            0x080000ec   Data           0  startup_stm32f103xb.o(RESET)
    __main                                   0x080000ed   Thumb Code     0  entry.o(.ARM.Collect$$$$00000000)
    _main_stk                                0x080000ed   Thumb Code     0  entry2.o(.ARM.Collect$$$$00000001)
    _main_scatterload                        0x080000f1   Thumb Code     0  entry5.o(.ARM.Collect$$$$00000004)
    __main_after_scatterload                 0x080000f5   Thumb Code     0  entry5.o(.ARM.Collect$$$$00000004)
    _main_clock                              0x080000f5   Thumb Code     0  entry7b.o(.ARM.Collect$$$$00000008)
    _main_cpp_init                           0x080000f5   Thumb Code     0  entry8b.o(.ARM.Collect$$$$0000000A)
    _main_init                               0x080000f5   Thumb Code     0  entry9a.o(.ARM.Collect$$$$0000000B)
    __rt_lib_shutdown_fini                   0x080000fd   Thumb Code     0  entry12b.o(.ARM.Collect$$$$0000000E)
    __rt_final_cpp                           0x08000101   Thumb Code     0  entry10a.o(.ARM.Collect$$$$0000000F)
    __rt_final_exit                          0x08000101   Thumb Code     0  entry11a.o(.ARM.Collect$$$$00000011)
    SVC_Handler                              0x08000105   Thumb Code    32  port.o(.emb_text)
    __asm___6_port_c_39a90d8d__prvStartFirstTask 0x08000129   Thumb Code    28  port.o(.emb_text)
    PendSV_Handler                           0x08000149   Thumb Code    72  port.o(.emb_text)
    vPortGetIPSR                             0x08000195   Thumb Code     6  port.o(.emb_text)
    Reset_Handler                            0x0800019d   Thumb Code     8  startup_stm32f103xb.o(.text)
    ADC1_2_IRQHandler                        0x080001b7   Thumb Code     0  startup_stm32f103xb.o(.text)
    CAN1_RX1_IRQHandler                      0x080001b7   Thumb Code     0  startup_stm32f103xb.o(.text)
    CAN1_SCE_IRQHandler                      0x080001b7   Thumb Code     0  startup_stm32f103xb.o(.text)
    DMA1_Channel1_IRQHandler                 0x080001b7   Thumb Code     0  startup_stm32f103xb.o(.text)
    DMA1_Channel2_IRQHandler                 0x080001b7   Thumb Code     0  startup_stm32f103xb.o(.text)
    DMA1_Channel3_IRQHandler                 0x080001b7   Thumb Code     0  startup_stm32f103xb.o(.text)
    DMA1_Channel4_IRQHandler                 0x080001b7   Thumb Code     0  startup_stm32f103xb.o(.text)
    DMA1_Channel5_IRQHandler                 0x080001b7   Thumb Code     0  startup_stm32f103xb.o(.text)
    DMA1_Channel6_IRQHandler                 0x080001b7   Thumb Code     0  startup_stm32f103xb.o(.text)
    DMA1_Channel7_IRQHandler                 0x080001b7   Thumb Code     0  startup_stm32f103xb.o(.text)
    EXTI0_IRQHandler                         0x080001b7   Thumb Code     0  startup_stm32f103xb.o(.text)
    EXTI1_IRQHandler                         0x080001b7   Thumb Code     0  startup_stm32f103xb.o(.text)
    EXTI2_IRQHandler                         0x080001b7   Thumb Code     0  startup_stm32f103xb.o(.text)
    EXTI3_IRQHandler                         0x080001b7   Thumb Code     0  startup_stm32f103xb.o(.text)
    EXTI4_IRQHandler                         0x080001b7   Thumb Code     0  startup_stm32f103xb.o(.text)
    EXTI9_5_IRQHandler                       0x080001b7   Thumb Code     0  startup_stm32f103xb.o(.text)
    FLASH_IRQHandler                         0x080001b7   Thumb Code     0  startup_stm32f103xb.o(.text)
    I2C1_ER_IRQHandler                       0x080001b7   Thumb Code     0  startup_stm32f103xb.o(.text)
    I2C1_EV_IRQHandler                       0x080001b7   Thumb Code     0  startup_stm32f103xb.o(.text)
    I2C2_ER_IRQHandler                       0x080001b7   Thumb Code     0  startup_stm32f103xb.o(.text)
    I2C2_EV_IRQHandler                       0x080001b7   Thumb Code     0  startup_stm32f103xb.o(.text)
    PVD_IRQHandler                           0x080001b7   Thumb Code     0  startup_stm32f103xb.o(.text)
    RCC_IRQHandler                           0x080001b7   Thumb Code     0  startup_stm32f103xb.o(.text)
    RTC_Alarm_IRQHandler                     0x080001b7   Thumb Code     0  startup_stm32f103xb.o(.text)
    RTC_IRQHandler                           0x080001b7   Thumb Code     0  startup_stm32f103xb.o(.text)
    SPI1_IRQHandler                          0x080001b7   Thumb Code     0  startup_stm32f103xb.o(.text)
    SPI2_IRQHandler                          0x080001b7   Thumb Code     0  startup_stm32f103xb.o(.text)
    TAMPER_IRQHandler                        0x080001b7   Thumb Code     0  startup_stm32f103xb.o(.text)
    TIM1_BRK_IRQHandler                      0x080001b7   Thumb Code     0  startup_stm32f103xb.o(.text)
    TIM1_CC_IRQHandler                       0x080001b7   Thumb Code     0  startup_stm32f103xb.o(.text)
    TIM1_TRG_COM_IRQHandler                  0x080001b7   Thumb Code     0  startup_stm32f103xb.o(.text)
    TIM1_UP_IRQHandler                       0x080001b7   Thumb Code     0  startup_stm32f103xb.o(.text)
    TIM2_IRQHandler                          0x080001b7   Thumb Code     0  startup_stm32f103xb.o(.text)
    TIM3_IRQHandler                          0x080001b7   Thumb Code     0  startup_stm32f103xb.o(.text)
    TIM4_IRQHandler                          0x080001b7   Thumb Code     0  startup_stm32f103xb.o(.text)
    USART1_IRQHandler                        0x080001b7   Thumb Code     0  startup_stm32f103xb.o(.text)
    USART2_IRQHandler                        0x080001b7   Thumb Code     0  startup_stm32f103xb.o(.text)
    USART3_IRQHandler                        0x080001b7   Thumb Code     0  startup_stm32f103xb.o(.text)
    USBWakeUp_IRQHandler                     0x080001b7   Thumb Code     0  startup_stm32f103xb.o(.text)
    USB_HP_CAN1_TX_IRQHandler                0x080001b7   Thumb Code     0  startup_stm32f103xb.o(.text)
    WWDG_IRQHandler                          0x080001b7   Thumb Code     0  startup_stm32f103xb.o(.text)
    __aeabi_memcpy                           0x080001c1   Thumb Code    36  memcpya.o(.text)
    __aeabi_memcpy4                          0x080001c1   Thumb Code     0  memcpya.o(.text)
    __aeabi_memcpy8                          0x080001c1   Thumb Code     0  memcpya.o(.text)
    __aeabi_memset                           0x080001e5   Thumb Code    14  memseta.o(.text)
    __aeabi_memset4                          0x080001e5   Thumb Code     0  memseta.o(.text)
    __aeabi_memset8                          0x080001e5   Thumb Code     0  memseta.o(.text)
    __aeabi_memclr                           0x080001f3   Thumb Code     4  memseta.o(.text)
    __aeabi_memclr4                          0x080001f3   Thumb Code     0  memseta.o(.text)
    __aeabi_memclr8                          0x080001f3   Thumb Code     0  memseta.o(.text)
    _memset$wrapper                          0x080001f7   Thumb Code    18  memseta.o(.text)
    __aeabi_uidiv                            0x08000209   Thumb Code     0  uidiv.o(.text)
    __aeabi_uidivmod                         0x08000209   Thumb Code    44  uidiv.o(.text)
    __scatterload                            0x08000235   Thumb Code    28  init.o(.text)
    __scatterload_rt2                        0x08000235   Thumb Code     0  init.o(.text)
    __decompress                             0x08000259   Thumb Code     0  __dczerorl2.o(.text)
    __decompress1                            0x08000259   Thumb Code    86  __dczerorl2.o(.text)
    BusFault_Handler                         0x080002af   Thumb Code     2  stm32f1xx_it.o(i.BusFault_Handler)
    DebugMon_Handler                         0x080002b1   Thumb Code     2  stm32f1xx_it.o(i.DebugMon_Handler)
    EXTI15_10_IRQHandler                     0x080002b3   Thumb Code    30  stm32f1xx_it.o(i.EXTI15_10_IRQHandler)
    Error_Handler                            0x080002d1   Thumb Code     4  main.o(i.Error_Handler)
    HAL_GPIO_EXTI_Callback                   0x0800030d   Thumb Code   106  key.o(i.HAL_GPIO_EXTI_Callback)
    HAL_GPIO_EXTI_IRQHandler                 0x08000381   Thumb Code    18  stm32f1xx_hal_gpio.o(i.HAL_GPIO_EXTI_IRQHandler)
    HAL_GPIO_Init                            0x08000399   Thumb Code   446  stm32f1xx_hal_gpio.o(i.HAL_GPIO_Init)
    HAL_GPIO_ReadPin                         0x08000579   Thumb Code    10  stm32f1xx_hal_gpio.o(i.HAL_GPIO_ReadPin)
    HAL_GPIO_TogglePin                       0x08000583   Thumb Code    16  stm32f1xx_hal_gpio.o(i.HAL_GPIO_TogglePin)
    HAL_GPIO_WritePin                        0x08000593   Thumb Code    10  stm32f1xx_hal_gpio.o(i.HAL_GPIO_WritePin)
    HAL_GetTick                              0x0800059d   Thumb Code     6  stm32f1xx_hal.o(i.HAL_GetTick)
    HAL_IncTick                              0x080005a9   Thumb Code    12  stm32f1xx_hal.o(i.HAL_IncTick)
    HAL_Init                                 0x080005b9   Thumb Code    32  stm32f1xx_hal.o(i.HAL_Init)
    HAL_InitTick                             0x080005dd   Thumb Code    54  stm32f1xx_hal.o(i.HAL_InitTick)
    HAL_MspInit                              0x0800061d   Thumb Code    48  stm32f1xx_hal_msp.o(i.HAL_MspInit)
    HAL_NVIC_DisableIRQ                      0x08000651   Thumb Code    34  stm32f1xx_hal_cortex.o(i.HAL_NVIC_DisableIRQ)
    HAL_NVIC_EnableIRQ                       0x08000673   Thumb Code    26  stm32f1xx_hal_cortex.o(i.HAL_NVIC_EnableIRQ)
    HAL_NVIC_SetPriority                     0x0800068d   Thumb Code    60  stm32f1xx_hal_cortex.o(i.HAL_NVIC_SetPriority)
    HAL_NVIC_SetPriorityGrouping             0x080006cd   Thumb Code    26  stm32f1xx_hal_cortex.o(i.HAL_NVIC_SetPriorityGrouping)
    HAL_PCDEx_PMAConfig                      0x080006f1   Thumb Code    60  stm32f1xx_hal_pcd_ex.o(i.HAL_PCDEx_PMAConfig)
    HAL_PCDEx_SetConnectionState             0x0800072d   Thumb Code     2  usbd_conf.o(i.HAL_PCDEx_SetConnectionState)
    HAL_PCD_DataInStageCallback              0x0800072f   Thumb Code    18  usbd_conf.o(i.HAL_PCD_DataInStageCallback)
    HAL_PCD_DataOutStageCallback             0x08000741   Thumb Code    20  usbd_conf.o(i.HAL_PCD_DataOutStageCallback)
    HAL_PCD_EP_Close                         0x08000755   Thumb Code    76  stm32f1xx_hal_pcd.o(i.HAL_PCD_EP_Close)
    HAL_PCD_EP_ClrStall                      0x080007a1   Thumb Code    92  stm32f1xx_hal_pcd.o(i.HAL_PCD_EP_ClrStall)
    HAL_PCD_EP_Open                          0x08000c13   Thumb Code    96  stm32f1xx_hal_pcd.o(i.HAL_PCD_EP_Open)
    HAL_PCD_EP_Receive                       0x08000c73   Thumb Code    50  stm32f1xx_hal_pcd.o(i.HAL_PCD_EP_Receive)
    HAL_PCD_EP_SetStall                      0x08000ca5   Thumb Code   114  stm32f1xx_hal_pcd.o(i.HAL_PCD_EP_SetStall)
    HAL_PCD_EP_Transmit                      0x08000d17   Thumb Code    52  stm32f1xx_hal_pcd.o(i.HAL_PCD_EP_Transmit)
    HAL_PCD_IRQHandler                       0x08000d4b   Thumb Code   340  stm32f1xx_hal_pcd.o(i.HAL_PCD_IRQHandler)
    HAL_PCD_Init                             0x08000ea1   Thumb Code   218  stm32f1xx_hal_pcd.o(i.HAL_PCD_Init)
    HAL_PCD_MspInit                          0x08000f7d   Thumb Code    54  usbd_conf.o(i.HAL_PCD_MspInit)
    HAL_PCD_ResetCallback                    0x08000fb9   Thumb Code    38  usbd_conf.o(i.HAL_PCD_ResetCallback)
    HAL_PCD_ResumeCallback                   0x08000fdf   Thumb Code     8  usbd_conf.o(i.HAL_PCD_ResumeCallback)
    HAL_PCD_SOFCallback                      0x08000fe7   Thumb Code     8  usbd_conf.o(i.HAL_PCD_SOFCallback)
    HAL_PCD_SetAddress                       0x08000fef   Thumb Code    40  stm32f1xx_hal_pcd.o(i.HAL_PCD_SetAddress)
    HAL_PCD_SetupStageCallback               0x08001017   Thumb Code    14  usbd_conf.o(i.HAL_PCD_SetupStageCallback)
    HAL_PCD_Start                            0x08001025   Thumb Code    50  stm32f1xx_hal_pcd.o(i.HAL_PCD_Start)
    HAL_PCD_SuspendCallback                  0x08001059   Thumb Code    30  usbd_conf.o(i.HAL_PCD_SuspendCallback)
    HAL_RCCEx_PeriphCLKConfig                0x0800107d   Thumb Code   224  stm32f1xx_hal_rcc_ex.o(i.HAL_RCCEx_PeriphCLKConfig)
    HAL_RCC_CSSCallback                      0x08001169   Thumb Code     2  stm32f1xx_hal_rcc.o(i.HAL_RCC_CSSCallback)
    HAL_RCC_ClockConfig                      0x0800116d   Thumb Code   280  stm32f1xx_hal_rcc.o(i.HAL_RCC_ClockConfig)
    HAL_RCC_EnableCSS                        0x08001299   Thumb Code     8  stm32f1xx_hal_rcc.o(i.HAL_RCC_EnableCSS)
    HAL_RCC_GetPCLK1Freq                     0x080012a5   Thumb Code    20  stm32f1xx_hal_rcc.o(i.HAL_RCC_GetPCLK1Freq)
    HAL_RCC_GetPCLK2Freq                     0x080012c5   Thumb Code    20  stm32f1xx_hal_rcc.o(i.HAL_RCC_GetPCLK2Freq)
    HAL_RCC_GetSysClockFreq                  0x080012e5   Thumb Code    74  stm32f1xx_hal_rcc.o(i.HAL_RCC_GetSysClockFreq)
    HAL_RCC_NMI_IRQHandler                   0x08001351   Thumb Code    20  stm32f1xx_hal_rcc.o(i.HAL_RCC_NMI_IRQHandler)
    HAL_RCC_OscConfig                        0x08001369   Thumb Code   778  stm32f1xx_hal_rcc.o(i.HAL_RCC_OscConfig)
    HAL_SYSTICK_Config                       0x08001689   Thumb Code    40  stm32f1xx_hal_cortex.o(i.HAL_SYSTICK_Config)
    HAL_TIMEx_ConfigBreakDeadTime            0x080016b1   Thumb Code    84  stm32f1xx_hal_tim_ex.o(i.HAL_TIMEx_ConfigBreakDeadTime)
    HAL_TIMEx_MasterConfigSynchronization    0x08001705   Thumb Code    92  stm32f1xx_hal_tim_ex.o(i.HAL_TIMEx_MasterConfigSynchronization)
    HAL_TIM_MspPostInit                      0x0800176d   Thumb Code   190  tim.o(i.HAL_TIM_MspPostInit)
    HAL_TIM_PWM_ConfigChannel                0x08001845   Thumb Code   198  stm32f1xx_hal_tim.o(i.HAL_TIM_PWM_ConfigChannel)
    HAL_TIM_PWM_Init                         0x0800190b   Thumb Code    90  stm32f1xx_hal_tim.o(i.HAL_TIM_PWM_Init)
    HAL_TIM_PWM_MspInit                      0x08001965   Thumb Code    96  tim.o(i.HAL_TIM_PWM_MspInit)
    HAL_TIM_PWM_Start                        0x080019d5   Thumb Code   144  stm32f1xx_hal_tim.o(i.HAL_TIM_PWM_Start)
    HAL_UART_Init                            0x08001a71   Thumb Code    98  stm32f1xx_hal_uart.o(i.HAL_UART_Init)
    HAL_UART_MspInit                         0x08001ad5   Thumb Code   100  usart.o(i.HAL_UART_MspInit)
    HAL_UART_Transmit                        0x08001b45   Thumb Code   178  stm32f1xx_hal_uart.o(i.HAL_UART_Transmit)
    HardFault_Handler                        0x08001bf7   Thumb Code     2  stm32f1xx_it.o(i.HardFault_Handler)
    Key_Task                                 0x08001c39   Thumb Code   140  freertos.o(i.Key_Task)
    LED_Task                                 0x08001cd1   Thumb Code    20  freertos.o(i.LED_Task)
    MX_FREERTOS_Init                         0x08001ce5   Thumb Code    74  freertos.o(i.MX_FREERTOS_Init)
    MX_GPIO_Init                             0x08001d45   Thumb Code   156  gpio.o(i.MX_GPIO_Init)
    MX_TIM1_Init                             0x08001df1   Thumb Code   152  tim.o(i.MX_TIM1_Init)
    MX_TIM2_Init                             0x08001e91   Thumb Code   138  tim.o(i.MX_TIM2_Init)
    MX_TIM3_Init                             0x08001f21   Thumb Code   136  tim.o(i.MX_TIM3_Init)
    MX_TIM4_Init                             0x08001fb1   Thumb Code   136  tim.o(i.MX_TIM4_Init)
    MX_USART1_UART_Init                      0x08002041   Thumb Code    48  usart.o(i.MX_USART1_UART_Init)
    MX_USB_DEVICE_Init                       0x08002079   Thumb Code    52  usb_device.o(i.MX_USB_DEVICE_Init)
    MemManage_Handler                        0x080020b9   Thumb Code     2  stm32f1xx_it.o(i.MemManage_Handler)
    NMI_Handler                              0x080020bb   Thumb Code     6  stm32f1xx_it.o(i.NMI_Handler)
    SysTick_Handler                          0x080023d5   Thumb Code    24  stm32f1xx_it.o(i.SysTick_Handler)
    SystemClock_Config                       0x080023ed   Thumb Code   120  main.o(i.SystemClock_Config)
    SystemInit                               0x08002465   Thumb Code     2  system_stm32f1xx.o(i.SystemInit)
    TIM_Base_SetConfig                       0x08002469   Thumb Code    94  stm32f1xx_hal_tim.o(i.TIM_Base_SetConfig)
    TIM_CCxChannelCmd                        0x080024d5   Thumb Code    26  stm32f1xx_hal_tim.o(i.TIM_CCxChannelCmd)
    TIM_OC2_SetConfig                        0x08002541   Thumb Code    84  stm32f1xx_hal_tim.o(i.TIM_OC2_SetConfig)
    USBD_ClrClassConfig                      0x08002751   Thumb Code    14  usbd_core.o(i.USBD_ClrClassConfig)
    USBD_CtlContinueRx                       0x08002785   Thumb Code    16  usbd_ioreq.o(i.USBD_CtlContinueRx)
    USBD_CtlContinueSendData                 0x08002795   Thumb Code    16  usbd_ioreq.o(i.USBD_CtlContinueSendData)
    USBD_CtlError                            0x080027a5   Thumb Code    24  usbd_ctlreq.o(i.USBD_CtlError)
    USBD_CtlReceiveStatus                    0x080027bd   Thumb Code    22  usbd_ioreq.o(i.USBD_CtlReceiveStatus)
    USBD_CtlSendData                         0x080027d3   Thumb Code    26  usbd_ioreq.o(i.USBD_CtlSendData)
    USBD_CtlSendStatus                       0x080027ed   Thumb Code    22  usbd_ioreq.o(i.USBD_CtlSendStatus)
    USBD_FS_ConfigStrDescriptor              0x08002805   Thumb Code    32  usbd_desc.o(i.USBD_FS_ConfigStrDescriptor)
    USBD_FS_DeviceDescriptor                 0x08002835   Thumb Code     8  usbd_desc.o(i.USBD_FS_DeviceDescriptor)
    USBD_FS_InterfaceStrDescriptor           0x08002841   Thumb Code    32  usbd_desc.o(i.USBD_FS_InterfaceStrDescriptor)
    USBD_FS_LangIDStrDescriptor              0x08002875   Thumb Code     8  usbd_desc.o(i.USBD_FS_LangIDStrDescriptor)
    USBD_FS_ManufacturerStrDescriptor        0x08002881   Thumb Code    16  usbd_desc.o(i.USBD_FS_ManufacturerStrDescriptor)
    USBD_FS_ProductStrDescriptor             0x080028a9   Thumb Code    32  usbd_desc.o(i.USBD_FS_ProductStrDescriptor)
    USBD_FS_SerialStrDescriptor              0x080028e5   Thumb Code    14  usbd_desc.o(i.USBD_FS_SerialStrDescriptor)
    USBD_GetString                           0x08002b25   Thumb Code    68  usbd_ctlreq.o(i.USBD_GetString)
    USBD_Init                                0x08002d35   Thumb Code    44  usbd_core.o(i.USBD_Init)
    USBD_LL_ClearStallEP                     0x08002d61   Thumb Code    18  usbd_conf.o(i.USBD_LL_ClearStallEP)
    USBD_LL_CloseEP                          0x08002d73   Thumb Code    18  usbd_conf.o(i.USBD_LL_CloseEP)
    USBD_LL_DataInStage                      0x08002d85   Thumb Code   214  usbd_core.o(i.USBD_LL_DataInStage)
    USBD_LL_DataOutStage                     0x08002e5b   Thumb Code   138  usbd_core.o(i.USBD_LL_DataOutStage)
    USBD_LL_Init                             0x08002ee5   Thumb Code    92  usbd_conf.o(i.USBD_LL_Init)
    USBD_LL_IsStallEP                        0x08002f49   Thumb Code    34  usbd_conf.o(i.USBD_LL_IsStallEP)
    USBD_LL_OpenEP                           0x08002f6b   Thumb Code    24  usbd_conf.o(i.USBD_LL_OpenEP)
    USBD_LL_PrepareReceive                   0x08002f83   Thumb Code    18  usbd_conf.o(i.USBD_LL_PrepareReceive)
    USBD_LL_Reset                            0x08002f95   Thumb Code    82  usbd_core.o(i.USBD_LL_Reset)
    USBD_LL_Resume                           0x08002fe7   Thumb Code    20  usbd_core.o(i.USBD_LL_Resume)
    USBD_LL_SOF                              0x08002ffb   Thumb Code    24  usbd_core.o(i.USBD_LL_SOF)
    USBD_LL_SetSpeed                         0x08003013   Thumb Code     6  usbd_core.o(i.USBD_LL_SetSpeed)
    USBD_LL_SetUSBAddress                    0x08003019   Thumb Code    18  usbd_conf.o(i.USBD_LL_SetUSBAddress)
    USBD_LL_SetupStage                       0x0800302b   Thumb Code    94  usbd_core.o(i.USBD_LL_SetupStage)
    USBD_LL_StallEP                          0x08003089   Thumb Code    18  usbd_conf.o(i.USBD_LL_StallEP)
    USBD_LL_Start                            0x0800309b   Thumb Code    18  usbd_conf.o(i.USBD_LL_Start)
    USBD_LL_Suspend                          0x080030ad   Thumb Code    18  usbd_core.o(i.USBD_LL_Suspend)
    USBD_LL_Transmit                         0x080030bf   Thumb Code    18  usbd_conf.o(i.USBD_LL_Transmit)
    USBD_ParseSetupRequest                   0x080030d1   Thumb Code    40  usbd_ctlreq.o(i.USBD_ParseSetupRequest)
    USBD_RegisterClass                       0x080030f9   Thumb Code    18  usbd_core.o(i.USBD_RegisterClass)
    USBD_RunTestMode                         0x0800310b   Thumb Code     4  usbd_core.o(i.USBD_RunTestMode)
    USBD_SetClassConfig                      0x08003167   Thumb Code    24  usbd_core.o(i.USBD_SetClassConfig)
    USBD_Start                               0x0800325d   Thumb Code    10  usbd_core.o(i.USBD_Start)
    USBD_StdDevReq                           0x08003267   Thumb Code   128  usbd_ctlreq.o(i.USBD_StdDevReq)
    USBD_StdEPReq                            0x080032e7   Thumb Code   496  usbd_ctlreq.o(i.USBD_StdEPReq)
    USBD_StdItfReq                           0x080034d7   Thumb Code   106  usbd_ctlreq.o(i.USBD_StdItfReq)
    USBD_static_free                         0x08003541   Thumb Code     2  usbd_conf.o(i.USBD_static_free)
    USBD_static_malloc                       0x08003545   Thumb Code     4  usbd_conf.o(i.USBD_static_malloc)
    USB_ActivateEndpoint                     0x0800354d   Thumb Code   600  stm32f1xx_ll_usb.o(i.USB_ActivateEndpoint)
    USB_CoreInit                             0x080037a5   Thumb Code     4  stm32f1xx_ll_usb.o(i.USB_CoreInit)
    USB_DeactivateEndpoint                   0x080037a9   Thumb Code   270  stm32f1xx_ll_usb.o(i.USB_DeactivateEndpoint)
    USB_DevConnect                           0x080038b7   Thumb Code     4  stm32f1xx_ll_usb.o(i.USB_DevConnect)
    USB_DevDisconnect                        0x080038bb   Thumb Code     4  stm32f1xx_ll_usb.o(i.USB_DevDisconnect)
    USB_DevInit                              0x080038bf   Thumb Code    18  stm32f1xx_ll_usb.o(i.USB_DevInit)
    USB_DisableGlobalInt                     0x080038d1   Thumb Code    14  stm32f1xx_ll_usb.o(i.USB_DisableGlobalInt)
    USB_EP0_OutStart                         0x080038df   Thumb Code     4  stm32f1xx_ll_usb.o(i.USB_EP0_OutStart)
    USB_EPClearStall                         0x080038e3   Thumb Code   120  stm32f1xx_ll_usb.o(i.USB_EPClearStall)
    USB_EPSetStall                           0x0800395b   Thumb Code    50  stm32f1xx_ll_usb.o(i.USB_EPSetStall)
    USB_EPStartXfer                          0x0800398d   Thumb Code  1548  stm32f1xx_ll_usb.o(i.USB_EPStartXfer)
    USB_EnableGlobalInt                      0x08003f99   Thumb Code    18  stm32f1xx_ll_usb.o(i.USB_EnableGlobalInt)
    USB_LP_CAN1_RX0_IRQHandler               0x08003fad   Thumb Code     6  stm32f1xx_it.o(i.USB_LP_CAN1_RX0_IRQHandler)
    USB_ReadInterrupts                       0x08003fb9   Thumb Code     6  stm32f1xx_ll_usb.o(i.USB_ReadInterrupts)
    USB_ReadPMA                              0x08003fc1   Thumb Code    44  stm32f1xx_ll_usb.o(i.USB_ReadPMA)
    USB_SetCurrentMode                       0x08003fed   Thumb Code     4  stm32f1xx_ll_usb.o(i.USB_SetCurrentMode)
    USB_SetDevAddress                        0x08003ff1   Thumb Code    12  stm32f1xx_ll_usb.o(i.USB_SetDevAddress)
    USB_WritePMA                             0x08003ffd   Thumb Code    38  stm32f1xx_ll_usb.o(i.USB_WritePMA)
    UsageFault_Handler                       0x08004023   Thumb Code     2  stm32f1xx_it.o(i.UsageFault_Handler)
    Waterlamp_Task                           0x08004025   Thumb Code    44  freertos.o(i.Waterlamp_Task)
    __0printf$1                              0x08004051   Thumb Code    22  printf1.o(i.__0printf$1)
    __1printf$1                              0x08004051   Thumb Code     0  printf1.o(i.__0printf$1)
    __2printf                                0x08004051   Thumb Code     0  printf1.o(i.__0printf$1)
    __scatterload_copy                       0x08004091   Thumb Code    14  handlers.o(i.__scatterload_copy)
    __scatterload_null                       0x0800409f   Thumb Code     2  handlers.o(i.__scatterload_null)
    __scatterload_zeroinit                   0x080040a1   Thumb Code    14  handlers.o(i.__scatterload_zeroinit)
    fputc                                    0x08004205   Thumb Code    20  usart.o(i.fputc)
    led_Toggle                               0x0800421d   Thumb Code    10  led.o(i.led_Toggle)
    main                                     0x0800422d   Thumb Code   126  main.o(i.main)
    osDelay                                  0x080042bd   Thumb Code    46  cmsis_os2.o(i.osDelay)
    osKernelInitialize                       0x080042f1   Thumb Code    50  cmsis_os2.o(i.osKernelInitialize)
    osKernelStart                            0x08004329   Thumb Code    58  cmsis_os2.o(i.osKernelStart)
    osMessageQueueGet                        0x08004369   Thumb Code   116  cmsis_os2.o(i.osMessageQueueGet)
    osMessageQueueNew                        0x080043e5   Thumb Code   110  cmsis_os2.o(i.osMessageQueueNew)
    osMessageQueuePut                        0x08004459   Thumb Code   120  cmsis_os2.o(i.osMessageQueuePut)
    osSemaphoreNew                           0x080044d9   Thumb Code   172  cmsis_os2.o(i.osSemaphoreNew)
    osThreadNew                              0x08004589   Thumb Code   160  cmsis_os2.o(i.osThreadNew)
    pvPortMalloc                             0x08004ce9   Thumb Code   148  heap_4.o(i.pvPortMalloc)
    pxPortInitialiseStack                    0x08004d81   Thumb Code    32  port.o(i.pxPortInitialiseStack)
    uxListRemove                             0x08004db5   Thumb Code    38  list.o(i.uxListRemove)
    vApplicationGetIdleTaskMemory            0x08004ddd   Thumb Code    16  cmsis_os2.o(i.vApplicationGetIdleTaskMemory)
    vApplicationGetTimerTaskMemory           0x08004df1   Thumb Code    18  cmsis_os2.o(i.vApplicationGetTimerTaskMemory)
    vListInitialise                          0x08004e09   Thumb Code    22  list.o(i.vListInitialise)
    vListInitialiseItem                      0x08004e1f   Thumb Code     6  list.o(i.vListInitialiseItem)
    vListInsert                              0x08004e25   Thumb Code    48  list.o(i.vListInsert)
    vListInsertEnd                           0x08004e55   Thumb Code    24  list.o(i.vListInsertEnd)
    vPortEnterCritical                       0x08004e6d   Thumb Code    24  port.o(i.vPortEnterCritical)
    vPortExitCritical                        0x08004e89   Thumb Code    16  port.o(i.vPortExitCritical)
    vPortFree                                0x08004e9d   Thumb Code    58  heap_4.o(i.vPortFree)
    vPortSetupTimerInterrupt                 0x08004edd   Thumb Code    32  port.o(i.vPortSetupTimerInterrupt)
    vQueueAddToRegistry                      0x08004f01   Thumb Code    34  queue.o(i.vQueueAddToRegistry)
    vQueueDelete                             0x08004f29   Thumb Code    28  queue.o(i.vQueueDelete)
    vQueueUnregisterQueue                    0x08004f45   Thumb Code    36  queue.o(i.vQueueUnregisterQueue)
    vQueueWaitForMessageRestricted           0x08004f6d   Thumb Code    68  queue.o(i.vQueueWaitForMessageRestricted)
    vTaskDelay                               0x08004fb1   Thumb Code    44  tasks.o(i.vTaskDelay)
    vTaskInternalSetTimeOutState             0x08004fe1   Thumb Code    12  tasks.o(i.vTaskInternalSetTimeOutState)
    vTaskMissedYield                         0x08004ff1   Thumb Code     8  tasks.o(i.vTaskMissedYield)
    vTaskPlaceOnEventList                    0x08004ffd   Thumb Code    26  tasks.o(i.vTaskPlaceOnEventList)
    vTaskPlaceOnEventListRestricted          0x0800501d   Thumb Code    34  tasks.o(i.vTaskPlaceOnEventListRestricted)
    vTaskStartScheduler                      0x08005045   Thumb Code    98  tasks.o(i.vTaskStartScheduler)
    vTaskSuspendAll                          0x080050b9   Thumb Code    10  tasks.o(i.vTaskSuspendAll)
    vTaskSwitchContext                       0x080050c9   Thumb Code    72  tasks.o(i.vTaskSwitchContext)
    water_lamp_down                          0x08005119   Thumb Code   116  led.o(i.water_lamp_down)
    water_lamp_up                            0x0800519d   Thumb Code   116  led.o(i.water_lamp_up)
    xPortStartScheduler                      0x08005221   Thumb Code    38  port.o(i.xPortStartScheduler)
    xPortSysTickHandler                      0x08005251   Thumb Code    38  port.o(i.xPortSysTickHandler)
    xQueueCreateCountingSemaphore            0x0800527d   Thumb Code    20  queue.o(i.xQueueCreateCountingSemaphore)
    xQueueCreateCountingSemaphoreStatic      0x08005291   Thumb Code    26  queue.o(i.xQueueCreateCountingSemaphoreStatic)
    xQueueGenericCreate                      0x080052ab   Thumb Code    54  queue.o(i.xQueueGenericCreate)
    xQueueGenericCreateStatic                0x080052e1   Thumb Code    26  queue.o(i.xQueueGenericCreateStatic)
    xQueueGenericReset                       0x080052fd   Thumb Code   112  queue.o(i.xQueueGenericReset)
    xQueueGenericSend                        0x08005371   Thumb Code   242  queue.o(i.xQueueGenericSend)
    xQueueGenericSendFromISR                 0x08005469   Thumb Code   102  queue.o(i.xQueueGenericSendFromISR)
    xQueueReceive                            0x080054d1   Thumb Code   236  queue.o(i.xQueueReceive)
    xQueueReceiveFromISR                     0x080055c1   Thumb Code   100  queue.o(i.xQueueReceiveFromISR)
    xTaskCheckForTimeOut                     0x08005625   Thumb Code    76  tasks.o(i.xTaskCheckForTimeOut)
    xTaskCreate                              0x08005675   Thumb Code    90  tasks.o(i.xTaskCreate)
    xTaskCreateStatic                        0x080056cf   Thumb Code    54  tasks.o(i.xTaskCreateStatic)
    xTaskGetSchedulerState                   0x08005705   Thumb Code    22  tasks.o(i.xTaskGetSchedulerState)
    xTaskGetTickCount                        0x08005721   Thumb Code     6  tasks.o(i.xTaskGetTickCount)
    xTaskIncrementTick                       0x0800572d   Thumb Code   168  tasks.o(i.xTaskIncrementTick)
    xTaskPriorityDisinherit                  0x080057dd   Thumb Code    76  tasks.o(i.xTaskPriorityDisinherit)
    xTaskRemoveFromEventList                 0x08005831   Thumb Code    80  tasks.o(i.xTaskRemoveFromEventList)
    xTaskResumeAll                           0x0800588d   Thumb Code   162  tasks.o(i.xTaskResumeAll)
    xTimerCreateTimerTask                    0x0800593d   Thumb Code    66  timers.o(i.xTimerCreateTimerTask)
    xTimerGenericCommand                     0x08005991   Thumb Code    74  timers.o(i.xTimerGenericCommand)
    LEDTask_attributes                       0x080059e0   Data          36  freertos.o(.constdata)
    KeyTask_attributes                       0x08005a04   Data          36  freertos.o(.constdata)
    WaterlampTask_attributes                 0x08005a28   Data          36  freertos.o(.constdata)
    KeyQueue_attributes                      0x08005a4c   Data          24  freertos.o(.constdata)
    KeyBinarySem_attributes                  0x08005a64   Data          16  freertos.o(.constdata)
    AHBPrescTable                            0x08005a74   Data          16  system_stm32f1xx.o(.constdata)
    APBPrescTable                            0x08005a84   Data           8  system_stm32f1xx.o(.constdata)
    Region$$Table$$Base                      0x08005ac8   Number         0  anon$$obj.o(Region$$Table)
    Region$$Table$$Limit                     0x08005ae8   Number         0  anon$$obj.o(Region$$Table)
    LEDTaskHandle                            0x20000000   Data           4  freertos.o(.data)
    KeyTaskHandle                            0x20000004   Data           4  freertos.o(.data)
    WaterlampTaskHandle                      0x20000008   Data           4  freertos.o(.data)
    KeyQueueHandle                           0x2000000c   Data           4  freertos.o(.data)
    KeyBinarySemHandle                       0x20000010   Data           4  freertos.o(.data)
    uwTickFreq                               0x20000018   Data           1  stm32f1xx_hal.o(.data)
    uwTickPrio                               0x2000001c   Data           4  stm32f1xx_hal.o(.data)
    uwTick                                   0x20000020   Data           4  stm32f1xx_hal.o(.data)
    SystemCoreClock                          0x20000024   Data           4  system_stm32f1xx.o(.data)
    pxCurrentTCB                             0x20000028   Data           4  tasks.o(.data)
    FS_Desc                                  0x20000098   Data          28  usbd_desc.o(.data)
    USBD_LangIDDesc                          0x200000b4   Data           4  usbd_desc.o(.data)
    USBD_FS_DeviceDesc                       0x200000b8   Data          18  usbd_desc.o(.data)
    USBD_StringSerial                        0x200000cc   Data          26  usbd_desc.o(.data)
    USBD_HID                                 0x200000e8   Data          56  usbd_hid.o(.data)
    __stdout                                 0x200001f0   Data           4  stdout.o(.data)
    htim1                                    0x200001f4   Data          72  tim.o(.bss)
    htim2                                    0x2000023c   Data          72  tim.o(.bss)
    htim3                                    0x20000284   Data          72  tim.o(.bss)
    htim4                                    0x200002cc   Data          72  tim.o(.bss)
    huart1                                   0x20000314   Data          68  usart.o(.bss)
    xQueueRegistry                           0x20000358   Data          64  queue.o(.bss)
    hUsbDeviceFS                             0x2000382c   Data         708  usb_device.o(.bss)
    USBD_StrDesc                             0x20003af0   Data         512  usbd_desc.o(.bss)
    hpcd_USB_FS                              0x20003d04   Data         748  usbd_conf.o(.bss)
    __initial_sp                             0x200043f0   Data           0  startup_stm32f103xb.o(STACK)



==============================================================================

Memory Map of the image

  Image Entry point : 0x080000ed

  Load Region LR_IROM1 (Base: 0x08000000, Size: 0x00005cdc, Max: 0x00020000, ABSOLUTE, COMPRESSED[0x00005bc4])

    Execution Region ER_IROM1 (Exec base: 0x08000000, Load base: 0x08000000, Size: 0x00005ae8, Max: 0x00020000, ABSOLUTE)

    Exec Addr    Load Addr    Size         Type   Attr      Idx    E Section Name        Object

    0x08000000   0x08000000   0x000000ec   Data   RO            3    RESET               startup_stm32f103xb.o
    0x080000ec   0x080000ec   0x00000000   Code   RO         5748  * .ARM.Collect$$$$00000000  mc_w.l(entry.o)
    0x080000ec   0x080000ec   0x00000004   Code   RO         6020    .ARM.Collect$$$$00000001  mc_w.l(entry2.o)
    0x080000f0   0x080000f0   0x00000004   Code   RO         6023    .ARM.Collect$$$$00000004  mc_w.l(entry5.o)
    0x080000f4   0x080000f4   0x00000000   Code   RO         6025    .ARM.Collect$$$$00000008  mc_w.l(entry7b.o)
    0x080000f4   0x080000f4   0x00000000   Code   RO         6027    .ARM.Collect$$$$0000000A  mc_w.l(entry8b.o)
    0x080000f4   0x080000f4   0x00000008   Code   RO         6028    .ARM.Collect$$$$0000000B  mc_w.l(entry9a.o)
    0x080000fc   0x080000fc   0x00000004   Code   RO         6035    .ARM.Collect$$$$0000000E  mc_w.l(entry12b.o)
    0x08000100   0x08000100   0x00000000   Code   RO         6030    .ARM.Collect$$$$0000000F  mc_w.l(entry10a.o)
    0x08000100   0x08000100   0x00000000   Code   RO         6032    .ARM.Collect$$$$00000011  mc_w.l(entry11a.o)
    0x08000100   0x08000100   0x00000004   Code   RO         6021    .ARM.Collect$$$$00002712  mc_w.l(entry2.o)
    0x08000104   0x08000104   0x00000096   Code   RO         4960    .emb_text           port.o
    0x0800019a   0x0800019a   0x00000002   PAD
    0x0800019c   0x0800019c   0x00000024   Code   RO            4    .text               startup_stm32f103xb.o
    0x080001c0   0x080001c0   0x00000024   Code   RO         5753    .text               mc_w.l(memcpya.o)
    0x080001e4   0x080001e4   0x00000024   Code   RO         5755    .text               mc_w.l(memseta.o)
    0x08000208   0x08000208   0x0000002c   Code   RO         6037    .text               mc_w.l(uidiv.o)
    0x08000234   0x08000234   0x00000024   Code   RO         6052    .text               mc_w.l(init.o)
    0x08000258   0x08000258   0x00000056   Code   RO         6068    .text               mc_w.l(__dczerorl2.o)
    0x080002ae   0x080002ae   0x00000002   Code   RO          411    i.BusFault_Handler  stm32f1xx_it.o
    0x080002b0   0x080002b0   0x00000002   Code   RO          412    i.DebugMon_Handler  stm32f1xx_it.o
    0x080002b2   0x080002b2   0x0000001e   Code   RO          413    i.EXTI15_10_IRQHandler  stm32f1xx_it.o
    0x080002d0   0x080002d0   0x00000004   Code   RO           13    i.Error_Handler     main.o
    0x080002d4   0x080002d4   0x00000038   Code   RO         5078    i.Get_SerialNum     usbd_desc.o
    0x0800030c   0x0800030c   0x00000074   Code   RO          511    i.HAL_GPIO_EXTI_Callback  key.o
    0x08000380   0x08000380   0x00000018   Code   RO         1387    i.HAL_GPIO_EXTI_IRQHandler  stm32f1xx_hal_gpio.o
    0x08000398   0x08000398   0x000001e0   Code   RO         1388    i.HAL_GPIO_Init     stm32f1xx_hal_gpio.o
    0x08000578   0x08000578   0x0000000a   Code   RO         1390    i.HAL_GPIO_ReadPin  stm32f1xx_hal_gpio.o
    0x08000582   0x08000582   0x00000010   Code   RO         1391    i.HAL_GPIO_TogglePin  stm32f1xx_hal_gpio.o
    0x08000592   0x08000592   0x0000000a   Code   RO         1392    i.HAL_GPIO_WritePin  stm32f1xx_hal_gpio.o
    0x0800059c   0x0800059c   0x0000000c   Code   RO         1084    i.HAL_GetTick       stm32f1xx_hal.o
    0x080005a8   0x080005a8   0x00000010   Code   RO         1090    i.HAL_IncTick       stm32f1xx_hal.o
    0x080005b8   0x080005b8   0x00000024   Code   RO         1091    i.HAL_Init          stm32f1xx_hal.o
    0x080005dc   0x080005dc   0x00000040   Code   RO         1092    i.HAL_InitTick      stm32f1xx_hal.o
    0x0800061c   0x0800061c   0x00000034   Code   RO          487    i.HAL_MspInit       stm32f1xx_hal_msp.o
    0x08000650   0x08000650   0x00000022   Code   RO         1547    i.HAL_NVIC_DisableIRQ  stm32f1xx_hal_cortex.o
    0x08000672   0x08000672   0x0000001a   Code   RO         1548    i.HAL_NVIC_EnableIRQ  stm32f1xx_hal_cortex.o
    0x0800068c   0x0800068c   0x00000040   Code   RO         1554    i.HAL_NVIC_SetPriority  stm32f1xx_hal_cortex.o
    0x080006cc   0x080006cc   0x00000024   Code   RO         1555    i.HAL_NVIC_SetPriorityGrouping  stm32f1xx_hal_cortex.o
    0x080006f0   0x080006f0   0x0000003c   Code   RO          853    i.HAL_PCDEx_PMAConfig  stm32f1xx_hal_pcd_ex.o
    0x0800072c   0x0800072c   0x00000002   Code   RO         5169    i.HAL_PCDEx_SetConnectionState  usbd_conf.o
    0x0800072e   0x0800072e   0x00000012   Code   RO         5171    i.HAL_PCD_DataInStageCallback  usbd_conf.o
    0x08000740   0x08000740   0x00000014   Code   RO         5172    i.HAL_PCD_DataOutStageCallback  usbd_conf.o
    0x08000754   0x08000754   0x0000004c   Code   RO          629    i.HAL_PCD_EP_Close  stm32f1xx_hal_pcd.o
    0x080007a0   0x080007a0   0x0000005c   Code   RO          630    i.HAL_PCD_EP_ClrStall  stm32f1xx_hal_pcd.o
    0x080007fc   0x080007fc   0x000000e6   Code   RO          631    i.HAL_PCD_EP_DB_Receive  stm32f1xx_hal_pcd.o
    0x080008e2   0x080008e2   0x00000330   Code   RO          632    i.HAL_PCD_EP_DB_Transmit  stm32f1xx_hal_pcd.o
    0x08000c12   0x08000c12   0x00000060   Code   RO          635    i.HAL_PCD_EP_Open   stm32f1xx_hal_pcd.o
    0x08000c72   0x08000c72   0x00000032   Code   RO          636    i.HAL_PCD_EP_Receive  stm32f1xx_hal_pcd.o
    0x08000ca4   0x08000ca4   0x00000072   Code   RO          637    i.HAL_PCD_EP_SetStall  stm32f1xx_hal_pcd.o
    0x08000d16   0x08000d16   0x00000034   Code   RO          638    i.HAL_PCD_EP_Transmit  stm32f1xx_hal_pcd.o
    0x08000d4a   0x08000d4a   0x00000154   Code   RO          640    i.HAL_PCD_IRQHandler  stm32f1xx_hal_pcd.o
    0x08000e9e   0x08000e9e   0x00000002   PAD
    0x08000ea0   0x08000ea0   0x000000da   Code   RO          643    i.HAL_PCD_Init      stm32f1xx_hal_pcd.o
    0x08000f7a   0x08000f7a   0x00000002   PAD
    0x08000f7c   0x08000f7c   0x0000003c   Code   RO         5177    i.HAL_PCD_MspInit   usbd_conf.o
    0x08000fb8   0x08000fb8   0x00000026   Code   RO         5178    i.HAL_PCD_ResetCallback  usbd_conf.o
    0x08000fde   0x08000fde   0x00000008   Code   RO         5179    i.HAL_PCD_ResumeCallback  usbd_conf.o
    0x08000fe6   0x08000fe6   0x00000008   Code   RO         5180    i.HAL_PCD_SOFCallback  usbd_conf.o
    0x08000fee   0x08000fee   0x00000028   Code   RO          649    i.HAL_PCD_SetAddress  stm32f1xx_hal_pcd.o
    0x08001016   0x08001016   0x0000000e   Code   RO         5181    i.HAL_PCD_SetupStageCallback  usbd_conf.o
    0x08001024   0x08001024   0x00000032   Code   RO          651    i.HAL_PCD_Start     stm32f1xx_hal_pcd.o
    0x08001056   0x08001056   0x00000002   PAD
    0x08001058   0x08001058   0x00000024   Code   RO         5182    i.HAL_PCD_SuspendCallback  usbd_conf.o
    0x0800107c   0x0800107c   0x000000ec   Code   RO         1351    i.HAL_RCCEx_PeriphCLKConfig  stm32f1xx_hal_rcc_ex.o
    0x08001168   0x08001168   0x00000002   Code   RO         1247    i.HAL_RCC_CSSCallback  stm32f1xx_hal_rcc.o
    0x0800116a   0x0800116a   0x00000002   PAD
    0x0800116c   0x0800116c   0x0000012c   Code   RO         1248    i.HAL_RCC_ClockConfig  stm32f1xx_hal_rcc.o
    0x08001298   0x08001298   0x0000000c   Code   RO         1251    i.HAL_RCC_EnableCSS  stm32f1xx_hal_rcc.o
    0x080012a4   0x080012a4   0x00000020   Code   RO         1255    i.HAL_RCC_GetPCLK1Freq  stm32f1xx_hal_rcc.o
    0x080012c4   0x080012c4   0x00000020   Code   RO         1256    i.HAL_RCC_GetPCLK2Freq  stm32f1xx_hal_rcc.o
    0x080012e4   0x080012e4   0x0000006c   Code   RO         1257    i.HAL_RCC_GetSysClockFreq  stm32f1xx_hal_rcc.o
    0x08001350   0x08001350   0x00000018   Code   RO         1259    i.HAL_RCC_NMI_IRQHandler  stm32f1xx_hal_rcc.o
    0x08001368   0x08001368   0x00000320   Code   RO         1260    i.HAL_RCC_OscConfig  stm32f1xx_hal_rcc.o
    0x08001688   0x08001688   0x00000028   Code   RO         1559    i.HAL_SYSTICK_Config  stm32f1xx_hal_cortex.o
    0x080016b0   0x080016b0   0x00000054   Code   RO         2757    i.HAL_TIMEx_ConfigBreakDeadTime  stm32f1xx_hal_tim_ex.o
    0x08001704   0x08001704   0x00000068   Code   RO         2773    i.HAL_TIMEx_MasterConfigSynchronization  stm32f1xx_hal_tim_ex.o
    0x0800176c   0x0800176c   0x000000d8   Code   RO          291    i.HAL_TIM_MspPostInit  tim.o
    0x08001844   0x08001844   0x000000c6   Code   RO         2122    i.HAL_TIM_PWM_ConfigChannel  stm32f1xx_hal_tim.o
    0x0800190a   0x0800190a   0x0000005a   Code   RO         2125    i.HAL_TIM_PWM_Init  stm32f1xx_hal_tim.o
    0x08001964   0x08001964   0x00000070   Code   RO          293    i.HAL_TIM_PWM_MspInit  tim.o
    0x080019d4   0x080019d4   0x0000009c   Code   RO         2130    i.HAL_TIM_PWM_Start  stm32f1xx_hal_tim.o
    0x08001a70   0x08001a70   0x00000062   Code   RO         3050    i.HAL_UART_Init     stm32f1xx_hal_uart.o
    0x08001ad2   0x08001ad2   0x00000002   PAD
    0x08001ad4   0x08001ad4   0x00000070   Code   RO          358    i.HAL_UART_MspInit  usart.o
    0x08001b44   0x08001b44   0x000000b2   Code   RO         3058    i.HAL_UART_Transmit  stm32f1xx_hal_uart.o
    0x08001bf6   0x08001bf6   0x00000002   Code   RO          414    i.HardFault_Handler  stm32f1xx_it.o
    0x08001bf8   0x08001bf8   0x0000003e   Code   RO         5079    i.IntToUnicode      usbd_desc.o
    0x08001c36   0x08001c36   0x00000002   PAD
    0x08001c38   0x08001c38   0x00000098   Code   RO          227    i.Key_Task          freertos.o
    0x08001cd0   0x08001cd0   0x00000014   Code   RO          228    i.LED_Task          freertos.o
    0x08001ce4   0x08001ce4   0x00000060   Code   RO          229    i.MX_FREERTOS_Init  freertos.o
    0x08001d44   0x08001d44   0x000000ac   Code   RO          203    i.MX_GPIO_Init      gpio.o
    0x08001df0   0x08001df0   0x000000a0   Code   RO          294    i.MX_TIM1_Init      tim.o
    0x08001e90   0x08001e90   0x00000090   Code   RO          295    i.MX_TIM2_Init      tim.o
    0x08001f20   0x08001f20   0x00000090   Code   RO          296    i.MX_TIM3_Init      tim.o
    0x08001fb0   0x08001fb0   0x00000090   Code   RO          297    i.MX_TIM4_Init      tim.o
    0x08002040   0x08002040   0x00000038   Code   RO          359    i.MX_USART1_UART_Init  usart.o
    0x08002078   0x08002078   0x00000040   Code   RO         5034    i.MX_USB_DEVICE_Init  usb_device.o
    0x080020b8   0x080020b8   0x00000002   Code   RO          415    i.MemManage_Handler  stm32f1xx_it.o
    0x080020ba   0x080020ba   0x00000006   Code   RO          416    i.NMI_Handler       stm32f1xx_it.o
    0x080020c0   0x080020c0   0x00000314   Code   RO          655    i.PCD_EP_ISR_Handler  stm32f1xx_hal_pcd.o
    0x080023d4   0x080023d4   0x00000018   Code   RO          417    i.SysTick_Handler   stm32f1xx_it.o
    0x080023ec   0x080023ec   0x00000078   Code   RO           14    i.SystemClock_Config  main.o
    0x08002464   0x08002464   0x00000002   Code   RO         3379    i.SystemInit        system_stm32f1xx.o
    0x08002466   0x08002466   0x00000002   PAD
    0x08002468   0x08002468   0x0000006c   Code   RO         2143    i.TIM_Base_SetConfig  stm32f1xx_hal_tim.o
    0x080024d4   0x080024d4   0x0000001a   Code   RO         2144    i.TIM_CCxChannelCmd  stm32f1xx_hal_tim.o
    0x080024ee   0x080024ee   0x00000002   PAD
    0x080024f0   0x080024f0   0x00000050   Code   RO         2156    i.TIM_OC1_SetConfig  stm32f1xx_hal_tim.o
    0x08002540   0x08002540   0x00000058   Code   RO         2157    i.TIM_OC2_SetConfig  stm32f1xx_hal_tim.o
    0x08002598   0x08002598   0x00000058   Code   RO         2158    i.TIM_OC3_SetConfig  stm32f1xx_hal_tim.o
    0x080025f0   0x080025f0   0x00000044   Code   RO         2159    i.TIM_OC4_SetConfig  stm32f1xx_hal_tim.o
    0x08002634   0x08002634   0x000000b8   Code   RO         3076    i.UART_SetConfig    stm32f1xx_hal_uart.o
    0x080026ec   0x080026ec   0x00000064   Code   RO         3079    i.UART_WaitOnFlagUntilTimeout  stm32f1xx_hal_uart.o
    0x08002750   0x08002750   0x0000000e   Code   RO         5381    i.USBD_ClrClassConfig  usbd_core.o
    0x0800275e   0x0800275e   0x00000026   Code   RO         5519    i.USBD_ClrFeature   usbd_ctlreq.o
    0x08002784   0x08002784   0x00000010   Code   RO         5614    i.USBD_CtlContinueRx  usbd_ioreq.o
    0x08002794   0x08002794   0x00000010   Code   RO         5615    i.USBD_CtlContinueSendData  usbd_ioreq.o
    0x080027a4   0x080027a4   0x00000018   Code   RO         5520    i.USBD_CtlError     usbd_ctlreq.o
    0x080027bc   0x080027bc   0x00000016   Code   RO         5617    i.USBD_CtlReceiveStatus  usbd_ioreq.o
    0x080027d2   0x080027d2   0x0000001a   Code   RO         5618    i.USBD_CtlSendData  usbd_ioreq.o
    0x080027ec   0x080027ec   0x00000016   Code   RO         5619    i.USBD_CtlSendStatus  usbd_ioreq.o
    0x08002802   0x08002802   0x00000002   PAD
    0x08002804   0x08002804   0x00000030   Code   RO         5080    i.USBD_FS_ConfigStrDescriptor  usbd_desc.o
    0x08002834   0x08002834   0x0000000c   Code   RO         5081    i.USBD_FS_DeviceDescriptor  usbd_desc.o
    0x08002840   0x08002840   0x00000034   Code   RO         5082    i.USBD_FS_InterfaceStrDescriptor  usbd_desc.o
    0x08002874   0x08002874   0x0000000c   Code   RO         5083    i.USBD_FS_LangIDStrDescriptor  usbd_desc.o
    0x08002880   0x08002880   0x00000028   Code   RO         5084    i.USBD_FS_ManufacturerStrDescriptor  usbd_desc.o
    0x080028a8   0x080028a8   0x0000003c   Code   RO         5085    i.USBD_FS_ProductStrDescriptor  usbd_desc.o
    0x080028e4   0x080028e4   0x00000014   Code   RO         5086    i.USBD_FS_SerialStrDescriptor  usbd_desc.o
    0x080028f8   0x080028f8   0x00000034   Code   RO         5521    i.USBD_GetConfig    usbd_ctlreq.o
    0x0800292c   0x0800292c   0x000001aa   Code   RO         5522    i.USBD_GetDescriptor  usbd_ctlreq.o
    0x08002ad6   0x08002ad6   0x00000018   Code   RO         5523    i.USBD_GetLen       usbd_ctlreq.o
    0x08002aee   0x08002aee   0x00000036   Code   RO         5524    i.USBD_GetStatus    usbd_ctlreq.o
    0x08002b24   0x08002b24   0x00000044   Code   RO         5525    i.USBD_GetString    usbd_ctlreq.o
    0x08002b68   0x08002b68   0x00000024   Code   RO         5183    i.USBD_Get_USB_Status  usbd_conf.o
    0x08002b8c   0x08002b8c   0x0000000c   Code   RO         5674    i.USBD_HID_DataIn   usbd_hid.o
    0x08002b98   0x08002b98   0x00000022   Code   RO         5675    i.USBD_HID_DeInit   usbd_hid.o
    0x08002bba   0x08002bba   0x00000002   PAD
    0x08002bbc   0x08002bbc   0x0000000c   Code   RO         5676    i.USBD_HID_GetDeviceQualifierDesc  usbd_hid.o
    0x08002bc8   0x08002bc8   0x0000000c   Code   RO         5677    i.USBD_HID_GetFSCfgDesc  usbd_hid.o
    0x08002bd4   0x08002bd4   0x0000000c   Code   RO         5678    i.USBD_HID_GetHSCfgDesc  usbd_hid.o
    0x08002be0   0x08002be0   0x0000000c   Code   RO         5679    i.USBD_HID_GetOtherSpeedCfgDesc  usbd_hid.o
    0x08002bec   0x08002bec   0x0000002c   Code   RO         5681    i.USBD_HID_Init     usbd_hid.o
    0x08002c18   0x08002c18   0x0000011c   Code   RO         5683    i.USBD_HID_Setup    usbd_hid.o
    0x08002d34   0x08002d34   0x0000002c   Code   RO         5383    i.USBD_Init         usbd_core.o
    0x08002d60   0x08002d60   0x00000012   Code   RO         5184    i.USBD_LL_ClearStallEP  usbd_conf.o
    0x08002d72   0x08002d72   0x00000012   Code   RO         5185    i.USBD_LL_CloseEP   usbd_conf.o
    0x08002d84   0x08002d84   0x000000d6   Code   RO         5384    i.USBD_LL_DataInStage  usbd_core.o
    0x08002e5a   0x08002e5a   0x0000008a   Code   RO         5385    i.USBD_LL_DataOutStage  usbd_core.o
    0x08002ee4   0x08002ee4   0x00000064   Code   RO         5190    i.USBD_LL_Init      usbd_conf.o
    0x08002f48   0x08002f48   0x00000022   Code   RO         5191    i.USBD_LL_IsStallEP  usbd_conf.o
    0x08002f6a   0x08002f6a   0x00000018   Code   RO         5192    i.USBD_LL_OpenEP    usbd_conf.o
    0x08002f82   0x08002f82   0x00000012   Code   RO         5193    i.USBD_LL_PrepareReceive  usbd_conf.o
    0x08002f94   0x08002f94   0x00000052   Code   RO         5390    i.USBD_LL_Reset     usbd_core.o
    0x08002fe6   0x08002fe6   0x00000014   Code   RO         5391    i.USBD_LL_Resume    usbd_core.o
    0x08002ffa   0x08002ffa   0x00000018   Code   RO         5392    i.USBD_LL_SOF       usbd_core.o
    0x08003012   0x08003012   0x00000006   Code   RO         5393    i.USBD_LL_SetSpeed  usbd_core.o
    0x08003018   0x08003018   0x00000012   Code   RO         5194    i.USBD_LL_SetUSBAddress  usbd_conf.o
    0x0800302a   0x0800302a   0x0000005e   Code   RO         5394    i.USBD_LL_SetupStage  usbd_core.o
    0x08003088   0x08003088   0x00000012   Code   RO         5195    i.USBD_LL_StallEP   usbd_conf.o
    0x0800309a   0x0800309a   0x00000012   Code   RO         5196    i.USBD_LL_Start     usbd_conf.o
    0x080030ac   0x080030ac   0x00000012   Code   RO         5395    i.USBD_LL_Suspend   usbd_core.o
    0x080030be   0x080030be   0x00000012   Code   RO         5198    i.USBD_LL_Transmit  usbd_conf.o
    0x080030d0   0x080030d0   0x00000028   Code   RO         5526    i.USBD_ParseSetupRequest  usbd_ctlreq.o
    0x080030f8   0x080030f8   0x00000012   Code   RO         5396    i.USBD_RegisterClass  usbd_core.o
    0x0800310a   0x0800310a   0x00000004   Code   RO         5397    i.USBD_RunTestMode  usbd_core.o
    0x0800310e   0x0800310e   0x00000058   Code   RO         5527    i.USBD_SetAddress   usbd_ctlreq.o
    0x08003166   0x08003166   0x00000018   Code   RO         5398    i.USBD_SetClassConfig  usbd_core.o
    0x0800317e   0x0800317e   0x00000002   PAD
    0x08003180   0x08003180   0x000000cc   Code   RO         5528    i.USBD_SetConfig    usbd_ctlreq.o
    0x0800324c   0x0800324c   0x00000010   Code   RO         5529    i.USBD_SetFeature   usbd_ctlreq.o
    0x0800325c   0x0800325c   0x0000000a   Code   RO         5399    i.USBD_Start        usbd_core.o
    0x08003266   0x08003266   0x00000080   Code   RO         5530    i.USBD_StdDevReq    usbd_ctlreq.o
    0x080032e6   0x080032e6   0x000001f0   Code   RO         5531    i.USBD_StdEPReq     usbd_ctlreq.o
    0x080034d6   0x080034d6   0x0000006a   Code   RO         5532    i.USBD_StdItfReq    usbd_ctlreq.o
    0x08003540   0x08003540   0x00000002   Code   RO         5199    i.USBD_static_free  usbd_conf.o
    0x08003542   0x08003542   0x00000002   PAD
    0x08003544   0x08003544   0x00000008   Code   RO         5200    i.USBD_static_malloc  usbd_conf.o
    0x0800354c   0x0800354c   0x00000258   Code   RO          893    i.USB_ActivateEndpoint  stm32f1xx_ll_usb.o
    0x080037a4   0x080037a4   0x00000004   Code   RO          896    i.USB_CoreInit      stm32f1xx_ll_usb.o
    0x080037a8   0x080037a8   0x0000010e   Code   RO          898    i.USB_DeactivateEndpoint  stm32f1xx_ll_usb.o
    0x080038b6   0x080038b6   0x00000004   Code   RO          899    i.USB_DevConnect    stm32f1xx_ll_usb.o
    0x080038ba   0x080038ba   0x00000004   Code   RO          900    i.USB_DevDisconnect  stm32f1xx_ll_usb.o
    0x080038be   0x080038be   0x00000012   Code   RO          901    i.USB_DevInit       stm32f1xx_ll_usb.o
    0x080038d0   0x080038d0   0x0000000e   Code   RO          902    i.USB_DisableGlobalInt  stm32f1xx_ll_usb.o
    0x080038de   0x080038de   0x00000004   Code   RO          903    i.USB_EP0_OutStart  stm32f1xx_ll_usb.o
    0x080038e2   0x080038e2   0x00000078   Code   RO          904    i.USB_EPClearStall  stm32f1xx_ll_usb.o
    0x0800395a   0x0800395a   0x00000032   Code   RO          905    i.USB_EPSetStall    stm32f1xx_ll_usb.o
    0x0800398c   0x0800398c   0x0000060c   Code   RO          906    i.USB_EPStartXfer   stm32f1xx_ll_usb.o
    0x08003f98   0x08003f98   0x00000012   Code   RO          907    i.USB_EnableGlobalInt  stm32f1xx_ll_usb.o
    0x08003faa   0x08003faa   0x00000002   PAD
    0x08003fac   0x08003fac   0x0000000c   Code   RO          418    i.USB_LP_CAN1_RX0_IRQHandler  stm32f1xx_it.o
    0x08003fb8   0x08003fb8   0x00000006   Code   RO          914    i.USB_ReadInterrupts  stm32f1xx_ll_usb.o
    0x08003fbe   0x08003fbe   0x00000002   PAD
    0x08003fc0   0x08003fc0   0x0000002c   Code   RO          915    i.USB_ReadPMA       stm32f1xx_ll_usb.o
    0x08003fec   0x08003fec   0x00000004   Code   RO          916    i.USB_SetCurrentMode  stm32f1xx_ll_usb.o
    0x08003ff0   0x08003ff0   0x0000000c   Code   RO          917    i.USB_SetDevAddress  stm32f1xx_ll_usb.o
    0x08003ffc   0x08003ffc   0x00000026   Code   RO          919    i.USB_WritePMA      stm32f1xx_ll_usb.o
    0x08004022   0x08004022   0x00000002   Code   RO          419    i.UsageFault_Handler  stm32f1xx_it.o
    0x08004024   0x08004024   0x0000002c   Code   RO          230    i.Waterlamp_Task    freertos.o
    0x08004050   0x08004050   0x00000020   Code   RO         5804    i.__0printf$1       mc_w.l(printf1.o)
    0x08004070   0x08004070   0x00000020   Code   RO         1561    i.__NVIC_SetPriority  stm32f1xx_hal_cortex.o
    0x08004090   0x08004090   0x0000000e   Code   RO         6062    i.__scatterload_copy  mc_w.l(handlers.o)
    0x0800409e   0x0800409e   0x00000002   Code   RO         6063    i.__scatterload_null  mc_w.l(handlers.o)
    0x080040a0   0x080040a0   0x0000000e   Code   RO         6064    i.__scatterload_zeroinit  mc_w.l(handlers.o)
    0x080040ae   0x080040ae   0x00000002   PAD
    0x080040b0   0x080040b0   0x00000154   Code   RO         5811    i._printf_core      mc_w.l(printf1.o)
    0x08004204   0x08004204   0x00000018   Code   RO          361    i.fputc             usart.o
    0x0800421c   0x0800421c   0x00000010   Code   RO          539    i.led_Toggle        led.o
    0x0800422c   0x0800422c   0x00000090   Code   RO           15    i.main              main.o
    0x080042bc   0x080042bc   0x00000034   Code   RO         4484    i.osDelay           cmsis_os2.o
    0x080042f0   0x080042f0   0x00000038   Code   RO         4498    i.osKernelInitialize  cmsis_os2.o
    0x08004328   0x08004328   0x00000040   Code   RO         4501    i.osKernelStart     cmsis_os2.o
    0x08004368   0x08004368   0x0000007c   Code   RO         4504    i.osMessageQueueGet  cmsis_os2.o
    0x080043e4   0x080043e4   0x00000074   Code   RO         4509    i.osMessageQueueNew  cmsis_os2.o
    0x08004458   0x08004458   0x00000080   Code   RO         4510    i.osMessageQueuePut  cmsis_os2.o
    0x080044d8   0x080044d8   0x000000b0   Code   RO         4520    i.osSemaphoreNew    cmsis_os2.o
    0x08004588   0x08004588   0x000000a4   Code   RO         4535    i.osThreadNew       cmsis_os2.o
    0x0800462c   0x0800462c   0x0000005c   Code   RO         3980    i.prvAddCurrentTaskToDelayedList  tasks.o
    0x08004688   0x08004688   0x000000d0   Code   RO         3981    i.prvAddNewTaskToReadyList  tasks.o
    0x08004758   0x08004758   0x00000058   Code   RO         4342    i.prvCheckForValidListAndQueue  timers.o
    0x080047b0   0x080047b0   0x00000026   Code   RO         3584    i.prvCopyDataFromQueue  queue.o
    0x080047d6   0x080047d6   0x0000006c   Code   RO         3585    i.prvCopyDataToQueue  queue.o
    0x08004842   0x08004842   0x00000022   Code   RO         3982    i.prvDeleteTCB      tasks.o
    0x08004864   0x08004864   0x0000004c   Code   RO         4911    i.prvHeapInit       heap_4.o
    0x080048b0   0x080048b0   0x00000060   Code   RO         3983    i.prvIdleTask       tasks.o
    0x08004910   0x08004910   0x00000022   Code   RO         3587    i.prvInitialiseNewQueue  queue.o
    0x08004932   0x08004932   0x0000008a   Code   RO         3984    i.prvInitialiseNewTask  tasks.o
    0x080049bc   0x080049bc   0x0000004c   Code   RO         4912    i.prvInsertBlockIntoFreeList  heap_4.o
    0x08004a08   0x08004a08   0x00000038   Code   RO         4344    i.prvInsertTimerInActiveList  timers.o
    0x08004a40   0x08004a40   0x0000001c   Code   RO         3588    i.prvIsQueueEmpty   queue.o
    0x08004a5c   0x08004a5c   0x000000a8   Code   RO         4345    i.prvProcessReceivedCommands  timers.o
    0x08004b04   0x08004b04   0x000000a4   Code   RO         4346    i.prvProcessTimerOrBlockTask  timers.o
    0x08004ba8   0x08004ba8   0x00000020   Code   RO         3986    i.prvResetNextTaskUnblockTime  tasks.o
    0x08004bc8   0x08004bc8   0x00000028   Code   RO         4347    i.prvSampleTimeNow  timers.o
    0x08004bf0   0x08004bf0   0x00000058   Code   RO         4348    i.prvSwitchTimerLists  timers.o
    0x08004c48   0x08004c48   0x00000010   Code   RO         4961    i.prvTaskExitError  port.o
    0x08004c58   0x08004c58   0x00000024   Code   RO         4349    i.prvTimerTask      timers.o
    0x08004c7c   0x08004c7c   0x0000006a   Code   RO         3589    i.prvUnlockQueue    queue.o
    0x08004ce6   0x08004ce6   0x00000002   PAD
    0x08004ce8   0x08004ce8   0x00000098   Code   RO         4913    i.pvPortMalloc      heap_4.o
    0x08004d80   0x08004d80   0x00000024   Code   RO         4962    i.pxPortInitialiseStack  port.o
    0x08004da4   0x08004da4   0x00000010   Code   RO          540    i.set_pwm           led.o
    0x08004db4   0x08004db4   0x00000026   Code   RO         3544    i.uxListRemove      list.o
    0x08004dda   0x08004dda   0x00000002   PAD
    0x08004ddc   0x08004ddc   0x00000014   Code   RO         4547    i.vApplicationGetIdleTaskMemory  cmsis_os2.o
    0x08004df0   0x08004df0   0x00000018   Code   RO         4548    i.vApplicationGetTimerTaskMemory  cmsis_os2.o
    0x08004e08   0x08004e08   0x00000016   Code   RO         3545    i.vListInitialise   list.o
    0x08004e1e   0x08004e1e   0x00000006   Code   RO         3546    i.vListInitialiseItem  list.o
    0x08004e24   0x08004e24   0x00000030   Code   RO         3547    i.vListInsert       list.o
    0x08004e54   0x08004e54   0x00000018   Code   RO         3548    i.vListInsertEnd    list.o
    0x08004e6c   0x08004e6c   0x0000001c   Code   RO         4964    i.vPortEnterCritical  port.o
    0x08004e88   0x08004e88   0x00000014   Code   RO         4965    i.vPortExitCritical  port.o
    0x08004e9c   0x08004e9c   0x00000040   Code   RO         4914    i.vPortFree         heap_4.o
    0x08004edc   0x08004edc   0x00000024   Code   RO         4966    i.vPortSetupTimerInterrupt  port.o
    0x08004f00   0x08004f00   0x00000028   Code   RO         3595    i.vQueueAddToRegistry  queue.o
    0x08004f28   0x08004f28   0x0000001c   Code   RO         3596    i.vQueueDelete      queue.o
    0x08004f44   0x08004f44   0x00000028   Code   RO         3598    i.vQueueUnregisterQueue  queue.o
    0x08004f6c   0x08004f6c   0x00000044   Code   RO         3599    i.vQueueWaitForMessageRestricted  queue.o
    0x08004fb0   0x08004fb0   0x00000030   Code   RO         3998    i.vTaskDelay        tasks.o
    0x08004fe0   0x08004fe0   0x00000010   Code   RO         4003    i.vTaskInternalSetTimeOutState  tasks.o
    0x08004ff0   0x08004ff0   0x0000000c   Code   RO         4004    i.vTaskMissedYield  tasks.o
    0x08004ffc   0x08004ffc   0x00000020   Code   RO         4006    i.vTaskPlaceOnEventList  tasks.o
    0x0800501c   0x0800501c   0x00000028   Code   RO         4007    i.vTaskPlaceOnEventListRestricted  tasks.o
    0x08005044   0x08005044   0x00000074   Code   RO         4015    i.vTaskStartScheduler  tasks.o
    0x080050b8   0x080050b8   0x00000010   Code   RO         4017    i.vTaskSuspendAll   tasks.o
    0x080050c8   0x080050c8   0x00000050   Code   RO         4018    i.vTaskSwitchContext  tasks.o
    0x08005118   0x08005118   0x00000084   Code   RO          541    i.water_lamp_down   led.o
    0x0800519c   0x0800519c   0x00000084   Code   RO          542    i.water_lamp_up     led.o
    0x08005220   0x08005220   0x00000030   Code   RO         4967    i.xPortStartScheduler  port.o
    0x08005250   0x08005250   0x0000002c   Code   RO         4968    i.xPortSysTickHandler  port.o
    0x0800527c   0x0800527c   0x00000014   Code   RO         3600    i.xQueueCreateCountingSemaphore  queue.o
    0x08005290   0x08005290   0x0000001a   Code   RO         3601    i.xQueueCreateCountingSemaphoreStatic  queue.o
    0x080052aa   0x080052aa   0x00000036   Code   RO         3604    i.xQueueGenericCreate  queue.o
    0x080052e0   0x080052e0   0x0000001a   Code   RO         3605    i.xQueueGenericCreateStatic  queue.o
    0x080052fa   0x080052fa   0x00000002   PAD
    0x080052fc   0x080052fc   0x00000074   Code   RO         3606    i.xQueueGenericReset  queue.o
    0x08005370   0x08005370   0x000000f8   Code   RO         3607    i.xQueueGenericSend  queue.o
    0x08005468   0x08005468   0x00000066   Code   RO         3608    i.xQueueGenericSendFromISR  queue.o
    0x080054ce   0x080054ce   0x00000002   PAD
    0x080054d0   0x080054d0   0x000000f0   Code   RO         3617    i.xQueueReceive     queue.o
    0x080055c0   0x080055c0   0x00000064   Code   RO         3618    i.xQueueReceiveFromISR  queue.o
    0x08005624   0x08005624   0x00000050   Code   RO         4019    i.xTaskCheckForTimeOut  tasks.o
    0x08005674   0x08005674   0x0000005a   Code   RO         4020    i.xTaskCreate       tasks.o
    0x080056ce   0x080056ce   0x00000036   Code   RO         4021    i.xTaskCreateStatic  tasks.o
    0x08005704   0x08005704   0x0000001c   Code   RO         4025    i.xTaskGetSchedulerState  tasks.o
    0x08005720   0x08005720   0x0000000c   Code   RO         4026    i.xTaskGetTickCount  tasks.o
    0x0800572c   0x0800572c   0x000000b0   Code   RO         4028    i.xTaskIncrementTick  tasks.o
    0x080057dc   0x080057dc   0x00000054   Code   RO         4031    i.xTaskPriorityDisinherit  tasks.o
    0x08005830   0x08005830   0x0000005c   Code   RO         4033    i.xTaskRemoveFromEventList  tasks.o
    0x0800588c   0x0800588c   0x000000b0   Code   RO         4034    i.xTaskResumeAll    tasks.o
    0x0800593c   0x0800593c   0x00000054   Code   RO         4356    i.xTimerCreateTimerTask  timers.o
    0x08005990   0x08005990   0x00000050   Code   RO         4357    i.xTimerGenericCommand  timers.o
    0x080059e0   0x080059e0   0x00000094   Data   RO          231    .constdata          freertos.o
    0x08005a74   0x08005a74   0x00000010   Data   RO         3380    .constdata          system_stm32f1xx.o
    0x08005a84   0x08005a84   0x00000008   Data   RO         3381    .constdata          system_stm32f1xx.o
    0x08005a8c   0x08005a8c   0x00000039   Data   RO          232    .conststring        freertos.o
    0x08005ac5   0x08005ac5   0x00000003   PAD
    0x08005ac8   0x08005ac8   0x00000020   Data   RO         6060    Region$$Table       anon$$obj.o


    Execution Region RW_IRAM1 (Exec base: 0x20000000, Load base: 0x08005ae8, Size: 0x000043f0, Max: 0x00005000, ABSOLUTE, COMPRESSED[0x000000dc])

    Exec Addr    Load Addr    Size         Type   Attr      Idx    E Section Name        Object

    0x20000000   COMPRESSED   0x00000014   Data   RW          233    .data               freertos.o
    0x20000014   COMPRESSED   0x00000004   Data   RW          543    .data               led.o
    0x20000018   COMPRESSED   0x0000000c   Data   RW         1098    .data               stm32f1xx_hal.o
    0x20000024   COMPRESSED   0x00000004   Data   RW         3382    .data               system_stm32f1xx.o
    0x20000028   COMPRESSED   0x0000003c   Data   RW         4037    .data               tasks.o
    0x20000064   COMPRESSED   0x00000014   Data   RW         4365    .data               timers.o
    0x20000078   COMPRESSED   0x00000004   Data   RW         4550    .data               cmsis_os2.o
    0x2000007c   COMPRESSED   0x00000018   Data   RW         4919    .data               heap_4.o
    0x20000094   COMPRESSED   0x00000004   Data   RW         4969    .data               port.o
    0x20000098   COMPRESSED   0x0000001c   Data   RW         5088    .data               usbd_desc.o
    0x200000b4   COMPRESSED   0x00000032   Data   RW         5089    .data               usbd_desc.o
    0x200000e6   COMPRESSED   0x00000001   Data   RW         5533    .data               usbd_ctlreq.o
    0x200000e7   COMPRESSED   0x00000001   PAD
    0x200000e8   COMPRESSED   0x00000038   Data   RW         5684    .data               usbd_hid.o
    0x20000120   COMPRESSED   0x000000ce   Data   RW         5685    .data               usbd_hid.o
    0x200001ee   COMPRESSED   0x00000002   PAD
    0x200001f0   COMPRESSED   0x00000004   Data   RW         6036    .data               mc_w.l(stdout.o)
    0x200001f4        -       0x00000120   Zero   RW          298    .bss                tim.o
    0x20000314        -       0x00000044   Zero   RW          362    .bss                usart.o
    0x20000358        -       0x00000040   Zero   RW         3621    .bss                queue.o
    0x20000398        -       0x000004c4   Zero   RW         4036    .bss                tasks.o
    0x2000085c        -       0x00000118   Zero   RW         4364    .bss                timers.o
    0x20000974        -       0x000006b8   Zero   RW         4549    .bss                cmsis_os2.o
    0x2000102c        -       0x00002800   Zero   RW         4918    .bss                heap_4.o
    0x2000382c        -       0x000002c4   Zero   RW         5035    .bss                usb_device.o
    0x20003af0        -       0x00000200   Zero   RW         5087    .bss                usbd_desc.o
    0x20003cf0        -       0x00000300   Zero   RW         5201    .bss                usbd_conf.o
    0x20003ff0        -       0x00000400   Zero   RW            1    STACK               startup_stm32f103xb.o


==============================================================================

Image component sizes


      Code (inc. data)   RO Data    RW Data    ZI Data      Debug   Object Name

       924         58          0          4       1720      29939   cmsis_os2.o
         0          0          0          0          0      20052   event_groups.o
       312         34        205         20          0       8653   freertos.o
       172         16          0          0          0        927   gpio.o
       368         24          0         24      10240       4039   heap_4.o
       116         10          0          0          0        561   key.o
       296         38          0          4          0       2183   led.o
       138          0          0          0          0      11818   list.o
       268         18          0          0          0     453568   main.o
       378         44          0          4          0       9016   port.o
      1422         24          0          0         64      19860   queue.o
        36          8        236          0       1024        780   startup_stm32f103xb.o
       128         24          0         12          0       5145   stm32f1xx_hal.o
       232         14          0          0          0      29461   stm32f1xx_hal_cortex.o
       540         40          0          0          0       4591   stm32f1xx_hal_gpio.o
        52          4          0          0          0        802   stm32f1xx_hal_msp.o
      2962          0          0          0          0      12989   stm32f1xx_hal_pcd.o
        60          0          0          0          0       1134   stm32f1xx_hal_pcd_ex.o
      1310        108          0          0          0       6547   stm32f1xx_hal_rcc.o
       236         12          0          0          0       1340   stm32f1xx_hal_rcc_ex.o
       902         46          0          0          0       7614   stm32f1xx_hal_tim.o
       188         12          0          0          0       2052   stm32f1xx_hal_tim_ex.o
       560          6          0          0          0       3836   stm32f1xx_hal_uart.o
        82          6          0          0          0       3855   stm32f1xx_it.o
      2758          0          0          0          0      16187   stm32f1xx_ll_usb.o
         0          0          0          0          0        392   stream_buffer.o
         2          0         24          4          0       1055   system_stm32f1xx.o
      1752        160          0         60       1220      36704   tasks.o
       920         72          0          0        288       4410   tim.o
       804         80          0         20        280       8811   timers.o
       192         24          0          0         68       2058   usart.o
        64         12          0          0        708        736   usb_device.o
       534         24          0          0        768      13225   usbd_conf.o
       710          0          0          0          0       9631   usbd_core.o
      1764         30          0          1          0      10992   usbd_ctlreq.o
       362        110          0         78        512       6429   usbd_desc.o
       422         24          0        262          0       7099   usbd_hid.o
       102          0          0          0          0       3528   usbd_ioreq.o

    ----------------------------------------------------------------------
     22106       1082        500        496      16892     762019   Object Totals
         0          0         32          0          0          0   (incl. Generated)
        38          0          3          3          0          0   (incl. Padding)

    ----------------------------------------------------------------------

      Code (inc. data)   RO Data    RW Data    ZI Data      Debug   Library Member Name

        86          0          0          0          0          0   __dczerorl2.o
         0          0          0          0          0          0   entry.o
         0          0          0          0          0          0   entry10a.o
         0          0          0          0          0          0   entry11a.o
         4          0          0          0          0          0   entry12b.o
         8          4          0          0          0          0   entry2.o
         4          0          0          0          0          0   entry5.o
         0          0          0          0          0          0   entry7b.o
         0          0          0          0          0          0   entry8b.o
         8          4          0          0          0          0   entry9a.o
        30          0          0          0          0          0   handlers.o
        36          8          0          0          0         68   init.o
        36          0          0          0          0         68   memcpya.o
        36          0          0          0          0        108   memseta.o
       372         14          0          0          0        184   printf1.o
         0          0          0          4          0          0   stdout.o
        44          0          0          0          0         80   uidiv.o

    ----------------------------------------------------------------------
       666         30          0          4          0        508   Library Totals
         2          0          0          0          0          0   (incl. Padding)

    ----------------------------------------------------------------------

      Code (inc. data)   RO Data    RW Data    ZI Data      Debug   Library Name

       664         30          0          4          0        508   mc_w.l

    ----------------------------------------------------------------------
       666         30          0          4          0        508   Library Totals

    ----------------------------------------------------------------------

==============================================================================


      Code (inc. data)   RO Data    RW Data    ZI Data      Debug   

     22772       1112        500        500      16892     749811   Grand Totals
     22772       1112        500        220      16892     749811   ELF Image Totals (compressed)
     22772       1112        500        220          0          0   ROM Totals

==============================================================================

    Total RO  Size (Code + RO Data)                23272 (  22.73kB)
    Total RW  Size (RW Data + ZI Data)             17392 (  16.98kB)
    Total ROM Size (Code + RO Data + RW Data)      23492 (  22.94kB)

==============================================================================

